Mở 2 port 7008 7010 để test 200 connect đồng thời mã hóa gcm-256
Băng thông khi chạy 5 phút
  enp5s0                       │  18.69Mb       0      │ 843.46Mb   69.67K
  enp6s0                       │  35.00Mb       0      │   1.63Gb  134.58K
 >enp7s0                       │   1.27Gb       0      │  33.48Mb   38.06K
  enp8s0                       │   1.36Gb       0      │  40.27Mb   45.24K
Local : enp5s0 in 843.46Mb, enp6s0 in 1.63Gb
Wan : enp7s0:  1.27Gb , enp8s0: 1.36Gb
Băng thông sau 5 phút
  enp5s0                       │  22.97Mb       0      │   1.35Gb  111.39K
  enp6s0                       │  22.62Mb       0      │   1.34Gb  110.69K
 >enp7s0                       │   1.48Gb       0      │  34.86Mb   43.44K
  enp8s0                       │   1.38Gb       0      │  30.21Mb   37.75K
  Local : enp5s0 in 1.35Gb, enp6s0 in 1.34Gb
Wan : enp7s0:   1.48Gb , enp8s0: 1.38Gb

Log
[DP-WARN] core=6 crypto saturated worker=3 lan_q=0 wan_q=14807
[DP-WARN] core=11 RX WAN saturated worker=3 q_depth=16384 (crypto queue full)
[DP-WARN] core=11 RX WAN saturated worker=3 q_depth=16384 (crypto queue full)
[DP-WARN] core=8 crypto saturated worker=5 lan_q=17 wan_q=14547
[DP-WARN] core=11 RX WAN saturated worker=5 q_depth=16384 (crypto queue full)
[DP-WARN] core=11 RX WAN saturated worker=5 q_depth=16384 (crypto queue full)
[DP-WARN] core=11 RX WAN saturated worker=5 q_depth=16384 (crypto queue full)
[DP-WARN] core=11 RX WAN saturated worker=3 q_depth=16384 (crypto queue full)
[DP-WARN] core=11 RX WAN saturated worker=5 q_depth=16384 (crypto queue full)
[DP-WARN] core=11 RX WAN saturated worker=3 q_depth=16384 (crypto queue full)
[DP-WARN] core=11 RX WAN saturated worker=3 q_depth=16384 (crypto queue full)
[DP-WARN] core=11 RX WAN saturated worker=3 q_depth=16384 (crypto queue full)
[DP-WARN] core=11 RX WAN saturated worker=5 q_depth=16384 (crypto queue full)
[DP-WARN] core=11 RX WAN saturated worker=5 q_depth=16384 (crypto queue full)
[DP-WARN] core=11 RX WAN saturated worker=5 q_depth=16384 (crypto queue full)
[DP-WARN] core=11 RX WAN saturated worker=3 q_depth=16384 (crypto queue full)
[DP-WARN] core=11 RX WAN saturated worker=3 q_depth=16384 (crypto queue full)
[DP-WARN] core=11 RX WAN saturated worker=3 q_depth=16384 (crypto queue full)
[DP-WARN] core=11 RX WAN saturated worker=3 q_depth=16384 (crypto queue full)
[DP-WARN] core=11 RX WAN saturated worker=5 q_depth=16384 (crypto queue full)
[DP-WARN] core=11 RX WAN saturated worker=3 q_depth=16384 (crypto queue full)
[DP-WARN] core=11 RX WAN saturated worker=3 q_depth=16384 (crypto queue full)
[DP-WARN] core=11 RX WAN saturated worker=5 q_depth=16384 (crypto queue full)
[DP-WARN] core=11 RX WAN saturated worker=5 q_depth=16384 (crypto queue full)
[DP-WARN] core=11 RX WAN saturated worker=5 q_depth=16384 (crypto queue full)
[DP-WARN] core=11 RX WAN saturated worker=5 q_depth=16384 (crypto queue full)
[DP-WARN] core=11 RX WAN saturated worker=5 q_depth=16384 (crypto queue full)
[DP-WARN] core=11 RX WAN saturated worker=5 q_depth=16384 (crypto queue full)
[DP-WARN] core=11 RX WAN saturated worker=5 q_depth=16384 (crypto queue full)
[DP-WARN] core=11 RX WAN saturated worker=5 q_depth=16384 (crypto queue full)
[DP-WARN] core=11 RX WAN saturated worker=3 q_depth=16384 (crypto queue full)
[DP-WARN] core=11 RX WAN saturated worker=3 q_depth=16384 (crypto queue full)
[DP-WARN] core=11 RX WAN saturated worker=3 q_depth=16384 (crypto queue full)
[DP-WARN] core=11 RX WAN saturated worker=5 q_depth=16384 (crypto queue full)
[DP-WARN] core=11 RX WAN saturated worker=5 q_depth=16384 (crypto queue full)
[DP-WARN] core=11 RX WAN saturated worker=3 q_depth=16384 (crypto queue full)
[DP-WARN] core=11 RX WAN saturated worker=3 q_depth=16384 (crypto queue full)
[DP-WARN] core=11 RX WAN saturated worker=5 q_depth=16384 (crypto queue full)
[DP-WARN] core=11 RX WAN saturated worker=3 q_depth=16384 (crypto queue full)
[DP-WARN] core=11 RX WAN saturated worker=3 q_depth=16384 (crypto queue full)
[DP-WARN] core=11 RX WAN saturated worker=5 q_depth=16384 (crypto queue full)
[DP-WARN] core=11 RX WAN saturated worker=5 q_depth=16384 (crypto queue full)
[DP-WARN] core=11 RX WAN saturated worker=3 q_depth=16384 (crypto queue full)
[DP-WARN] core=11 RX WAN saturated worker=3 q_depth=16384 (crypto queue full)
[DP-WARN] core=11 RX WAN saturated worker=3 q_depth=16384 (crypto queue full)
[DP-WARN] core=11 RX WAN saturated worker=5 q_depth=16384 (crypto queue full)
[DP-WARN] core=11 RX WAN saturated worker=3 q_depth=16384 (crypto queue full)
[DP-WARN] core=11 RX WAN saturated worker=3 q_depth=16384 (crypto queue full)
[DP-WARN] core=11 RX WAN saturated worker=3 q_depth=16384 (crypto queue full)
[DP-WARN] core=11 RX WAN saturated worker=5 q_depth=16384 (crypto queue full)
[DP-WARN] core=11 RX WAN saturated worker=5 q_depth=16384 (crypto queue full)
[DP-WARN] core=11 RX WAN saturated worker=5 q_depth=16384 (crypto queue full)
[DP-WARN] core=11 RX WAN saturated worker=5 q_depth=16384 (crypto queue full)
[DP-WARN] core=11 RX WAN saturated worker=5 q_depth=16384 (crypto queue full)
[DP-WARN] core=11 RX WAN saturated worker=5 q_depth=16384 (crypto queue full)
[DP-WARN] core=11 RX WAN saturated worker=5 q_depth=16384 (crypto queue full)
[DP-WARN] core=11 RX WAN saturated worker=5 q_depth=16384 (crypto queue full)
[DP-WARN] core=11 RX WAN saturated worker=3 q_depth=16384 (crypto queue full)
[DP-WARN] core=4 crypto saturated worker=1 lan_q=0 wan_q=14358
[DP-WARN] core=11 RX WAN saturated worker=5 q_depth=16384 (crypto queue full)
[DP-WARN] core=11 RX WAN saturated worker=1 q_depth=16384 (crypto queue full)
[DP-WARN] core=5 crypto saturated worker=2 lan_q=0 wan_q=14341
[DP-WARN] core=11 RX WAN saturated worker=5 q_depth=16384 (crypto queue full)
[DP-WARN] core=11 RX WAN saturated worker=2 q_depth=16384 (crypto queue full)
[DP-WARN] core=11 RX WAN saturated worker=3 q_depth=16384 (crypto queue full)
[DP-WARN] core=11 RX WAN saturated worker=3 q_depth=16384 (crypto queue full)
[DP-WARN] core=11 RX WAN saturated worker=3 q_depth=16384 (crypto queue full)
[DP-WARN] core=11 RX WAN saturated worker=3 q_depth=16384 (crypto queue full)
[DP-WARN] core=11 RX WAN saturated worker=3 q_depth=16384 (crypto queue full)
[DP-WARN] core=11 RX WAN saturated worker=3 q_depth=16384 (crypto queue full)
[DP-WARN] core=7 crypto saturated worker=4 lan_q=0 wan_q=14349
[DP-WARN] core=11 RX WAN saturated worker=4 q_depth=16384 (crypto queue full)
[DP-WARN] core=3 crypto saturated worker=0 lan_q=3 wan_q=14357
[DP-WARN] core=11 RX WAN saturated worker=4 q_depth=16384 (crypto queue full)
[DP-WARN] core=11 RX WAN saturated worker=4 q_depth=16384 (crypto queue full)
[DP-WARN] core=11 RX WAN saturated worker=0 q_depth=16384 (crypto queue full)
[DP-WARN] core=11 RX WAN saturated worker=0 q_depth=16384 (crypto queue full)
[DP-WARN] core=11 RX WAN saturated worker=2 q_depth=16384 (crypto queue full)
[DP-WARN] core=11 RX WAN saturated worker=2 q_depth=16384 (crypto queue full)
[DP-WARN] core=11 RX WAN saturated worker=2 q_depth=16384 (crypto queue full)
[DP-WARN] core=11 RX WAN saturated worker=1 q_depth=16384 (crypto queue full)
[DP-WARN] core=11 RX WAN saturated worker=1 q_depth=16384 (crypto queue full)
[DP-WARN] core=11 RX WAN saturated worker=1 q_depth=16384 (crypto queue full)
[DP-WARN] core=11 RX WAN saturated worker=5 q_depth=16384 (crypto queue full)
[DP-WARN] core=11 RX WAN saturated worker=5 q_depth=16384 (crypto queue full)
[DP-WARN] core=11 RX WAN saturated worker=5 q_depth=16384 (crypto queue full)
[DP-WARN] core=11 RX WAN saturated worker=5 q_depth=16384 (crypto queue full)
[DP-WARN] core=11 RX WAN saturated worker=2 q_depth=16384 (crypto queue full)
[DP-WARN] core=11 RX WAN saturated worker=2 q_depth=16384 (crypto queue full)
[DP-WARN] core=11 RX WAN saturated worker=3 q_depth=16384 (crypto queue full)
[DP-WARN] core=11 RX WAN saturated worker=3 q_depth=16384 (crypto queue full)
[DP-WARN] core=11 RX WAN saturated worker=4 q_depth=16384 (crypto queue full)
[DP-WARN] core=11 RX WAN saturated worker=4 q_depth=16384 (crypto queue full)
[DP-WARN] core=11 RX WAN saturated worker=1 q_depth=16384 (crypto queue full)
[DP-WARN] core=11 RX WAN saturated worker=1 q_depth=16384 (crypto queue full)
[DP-WARN] core=11 RX WAN saturated worker=0 q_depth=16384 (crypto queue full)
[DP-WARN] core=11 RX WAN saturated worker=3 q_depth=16384 (crypto queue full)
[DP-WARN] core=11 RX WAN saturated worker=3 q_depth=16384 (crypto queue full)
[DP-WARN] core=11 RX WAN saturated worker=0 q_depth=16384 (crypto queue full)
[DP-WARN] core=11 RX WAN saturated worker=0 q_depth=16384 (crypto queue full)
[DP-WARN] core=11 RX WAN saturated worker=0 q_depth=16384 (crypto queue full)
[DP-WARN] core=11 RX WAN saturated worker=1 q_depth=16384 (crypto queue full)
[DP-WARN] core=11 RX WAN saturated worker=1 q_depth=16384 (crypto queue full)
[DP-WARN] core=11 RX WAN saturated worker=1 q_depth=16384 (crypto queue full)
[DP-WARN] core=11 RX WAN saturated worker=1 q_depth=16384 (crypto queue full)
[DP-WARN] core=11 RX WAN saturated worker=2 q_depth=16384 (crypto queue full)
[DP-WARN] core=11 RX WAN saturated worker=5 q_depth=16384 (crypto queue full)
[DP-WARN] core=11 RX WAN saturated worker=0 q_depth=16384 (crypto queue full)
[DP-WARN] core=11 RX WAN saturated worker=0 q_depth=16384 (crypto queue full)
[DP-WARN] core=11 RX WAN saturated worker=4 q_depth=16384 (crypto queue full)
[DP-WARN] core=11 RX WAN saturated worker=3 q_depth=16384 (crypto queue full)
[DP-WARN] core=11 RX WAN saturated worker=1 q_depth=16384 (crypto queue full)
[DP-WARN] core=11 RX WAN saturated worker=1 q_depth=16384 (crypto queue full)
[DP-WARN] core=11 RX WAN saturated worker=1 q_depth=16384 (crypto queue full)
[DP-WARN] core=11 RX WAN saturated worker=4 q_depth=16384 (crypto queue full)
[DP-WARN] core=11 RX WAN saturated worker=1 q_depth=16384 (crypto queue full)
[DP-WARN] core=11 RX WAN saturated worker=1 q_depth=16384 (crypto queue full)
[DP-WARN] core=11 RX WAN saturated worker=3 q_depth=16384 (crypto queue full)
[DP-WARN] core=11 RX WAN saturated worker=3 q_depth=16384 (crypto queue full)
[DP-WARN] core=11 RX WAN saturated worker=3 q_depth=16384 (crypto queue full)
[DP-WARN] core=11 RX WAN saturated worker=2 q_depth=16384 (crypto queue full)
[DP-WARN] core=11 RX WAN saturated worker=5 q_depth=16384 (crypto queue full)
[DP-WARN] core=11 RX WAN saturated worker=5 q_depth=16384 (crypto queue full)
[DP-WARN] core=11 RX WAN saturated worker=5 q_depth=16384 (crypto queue full)
[DP-WARN] core=11 RX WAN saturated worker=5 q_depth=16384 (crypto queue full)
[DP-WARN] core=11 RX WAN saturated worker=5 q_depth=16384 (crypto queue full)
[DP-WARN] core=11 RX WAN saturated worker=4 q_depth=16384 (crypto queue full)
[DP-WARN] core=11 RX WAN saturated worker=4 q_depth=16384 (crypto queue full)
[DP-WARN] core=11 RX WAN saturated worker=0 q_depth=16384 (crypto queue full)
[DP-WARN] core=11 RX WAN saturated worker=0 q_depth=16384 (crypto queue full)
[DP-WARN] core=11 RX WAN saturated worker=2 q_depth=16384 (crypto queue full)
[DP-WARN] core=11 RX WAN saturated worker=4 q_depth=16384 (crypto queue full)
[DP-WARN] core=11 RX WAN saturated worker=0 q_depth=16384 (crypto queue full)
[DP-WARN] core=11 RX WAN saturated worker=0 q_depth=16384 (crypto queue full)
[DP-WARN] core=11 RX WAN saturated worker=0 q_depth=16384 (crypto queue full)
[DP-WARN] core=11 RX WAN saturated worker=5 q_depth=16384 (crypto queue full)
[DP-WARN] core=11 RX WAN saturated worker=5 q_depth=16384 (crypto queue full)
[DP-WARN] core=11 RX WAN saturated worker=5 q_depth=16384 (crypto queue full)
[DP-WARN] core=11 RX WAN saturated worker=5 q_depth=16384 (crypto queue full)
[DP-WARN] core=11 RX WAN saturated worker=5 q_depth=16384 (crypto queue full)
[DP-WARN] core=11 RX WAN saturated worker=3 q_depth=16384 (crypto queue full)
[DP-WARN] core=11 RX WAN saturated worker=3 q_depth=16384 (crypto queue full)
[DP-WARN] core=11 RX WAN saturated worker=3 q_depth=16384 (crypto queue full)
[DP-WARN] core=11 RX WAN saturated worker=1 q_depth=16384 (crypto queue full)
[DP-WARN] core=11 RX WAN saturated worker=1 q_depth=16384 (crypto queue full)
[DP-WARN] core=11 RX WAN saturated worker=1 q_depth=16384 (crypto queue full)
[DP-WARN] core=11 RX WAN saturated worker=1 q_depth=16384 (crypto queue full)
[DP-WARN] core=11 RX WAN saturated worker=1 q_depth=16384 (crypto queue full)
[DP-WARN] core=11 RX WAN saturated worker=1 q_depth=16384 (crypto queue full)
[DP-WARN] core=11 RX WAN saturated worker=2 q_depth=16384 (crypto queue full)
[DP-WARN] core=11 RX WAN saturated worker=2 q_depth=16384 (crypto queue full)
[DP-WARN] core=11 RX WAN saturated worker=3 q_depth=16384 (crypto queue full)
[DP-WARN] core=11 RX WAN saturated worker=3 q_depth=16384 (crypto queue full)
[DP-WARN] core=11 RX WAN saturated worker=3 q_depth=16384 (crypto queue full)
[DP-WARN] core=11 RX WAN saturated worker=3 q_depth=16384 (crypto queue full)
[DP-WARN] core=11 RX WAN saturated worker=1 q_depth=16384 (crypto queue full)
[DP-WARN] core=11 RX WAN saturated worker=5 q_depth=16384 (crypto queue full)
[DP-WARN] core=11 RX WAN saturated worker=5 q_depth=16384 (crypto queue full)
[DP-WARN] core=11 RX WAN saturated worker=5 q_depth=16384 (crypto queue full)
[DP-WARN] core=11 RX WAN saturated worker=5 q_depth=16384 (crypto queue full)
[DP-WARN] core=11 RX WAN saturated worker=5 q_depth=16384 (crypto queue full)
[DP-WARN] core=11 RX WAN saturated worker=1 q_depth=16384 (crypto queue full)
[DP-WARN] core=11 RX WAN saturated worker=1 q_depth=16384 (crypto queue full)
[DP-WARN] core=11 RX WAN saturated worker=0 q_depth=16384 (crypto queue full)
[DP-WARN] core=11 RX WAN saturated worker=0 q_depth=16384 (crypto queue full)
[DP-WARN] core=11 RX WAN saturated worker=0 q_depth=16384 (crypto queue full)
[DP-WARN] core=11 RX WAN saturated worker=4 q_depth=16384 (crypto queue full)
[DP-WARN] core=11 RX WAN saturated worker=2 q_depth=16384 (crypto queue full)
[DP-WARN] core=11 RX WAN saturated worker=2 q_depth=16384 (crypto queue full)
[DP-WARN] core=11 RX WAN saturated worker=0 q_depth=16384 (crypto queue full)
[DP-WARN] core=11 RX WAN saturated worker=0 q_depth=16384 (crypto queue full)
[DP-WARN] core=11 RX WAN saturated worker=5 q_depth=16384 (crypto queue full)
[DP-WARN] core=11 RX WAN saturated worker=5 q_depth=16384 (crypto queue full)
[DP-WARN] core=11 RX WAN saturated worker=5 q_depth=16384 (crypto queue full)
[DP-WARN] core=11 RX WAN saturated worker=5 q_depth=16384 (crypto queue full)
[DP-WARN] core=11 RX WAN saturated worker=4 q_depth=16384 (crypto queue full)
[DP-WARN] core=11 RX WAN saturated worker=3 q_depth=16384 (crypto queue full)
[DP-WARN] core=11 RX WAN saturated worker=3 q_depth=16384 (crypto queue full)
[DP-WARN] core=11 RX WAN saturated worker=3 q_depth=16384 (crypto queue full)
[DP-WARN] core=11 RX WAN saturated worker=3 q_depth=16384 (crypto queue full)
[DP-WARN] core=11 RX WAN saturated worker=1 q_depth=16384 (crypto queue full)
[DP-WARN] core=11 RX WAN saturated worker=4 q_depth=16384 (crypto queue full)
[DP-WARN] core=11 RX WAN saturated worker=4 q_depth=16384 (crypto queue full)
[DP-WARN] core=11 RX WAN saturated worker=2 q_depth=16384 (crypto queue full)
[DP-WARN] core=11 RX WAN saturated worker=2 q_depth=16384 (crypto queue full)
[DP-WARN] core=11 RX WAN saturated worker=2 q_depth=16384 (crypto queue full)
[DP-WARN] core=11 RX WAN saturated worker=3 q_depth=16384 (crypto queue full)
[DP-WARN] core=11 RX WAN saturated worker=3 q_depth=16384 (crypto queue full)
[DP-WARN] core=11 RX WAN saturated worker=1 q_depth=16384 (crypto queue full)
[DP-WARN] core=11 RX WAN saturated worker=5 q_depth=16384 (crypto queue full)
[DP-WARN] core=11 RX WAN saturated worker=0 q_depth=16384 (crypto queue full)
[DP-WARN] core=11 RX WAN saturated worker=0 q_depth=16384 (crypto queue full)
[DP-WARN] core=11 RX WAN saturated worker=4 q_depth=16384 (crypto queue full)
[DP-WARN] core=11 RX WAN saturated worker=5 q_depth=16384 (crypto queue full)
[DP-WARN] core=11 RX WAN saturated worker=1 q_depth=16384 (crypto queue full)
[DP-WARN] core=11 RX WAN saturated worker=0 q_depth=16384 (crypto queue full)
[DP-WARN] core=11 RX WAN saturated worker=0 q_depth=16384 (crypto queue full)
[DP-WARN] core=11 RX WAN saturated worker=0 q_depth=16384 (crypto queue full)
[DP-WARN] core=11 RX WAN saturated worker=4 q_depth=16384 (crypto queue full)
[DP-WARN] core=11 RX WAN saturated worker=4 q_depth=16384 (crypto queue full)
[DP-WARN] core=11 RX WAN saturated worker=3 q_depth=16384 (crypto queue full)
[DP-WARN] core=11 RX WAN saturated worker=3 q_depth=16384 (crypto queue full)
[DP-WARN] core=11 RX WAN saturated worker=2 q_depth=16384 (crypto queue full)
[DP-WARN] core=11 RX WAN saturated worker=2 q_depth=16384 (crypto queue full)
[DP-WARN] core=11 RX WAN saturated worker=2 q_depth=16384 (crypto queue full)
[DP-WARN] core=11 RX WAN saturated worker=4 q_depth=16384 (crypto queue full)
[DP-WARN] core=11 RX WAN saturated worker=4 q_depth=16384 (crypto queue full)
[DP-WARN] core=11 RX WAN saturated worker=1 q_depth=16384 (crypto queue full)
[DP-WARN] core=11 RX WAN saturated worker=1 q_depth=16384 (crypto queue full)
[DP-WARN] core=11 RX WAN saturated worker=1 q_depth=16384 (crypto queue full)
[DP-WARN] core=11 RX WAN saturated worker=1 q_depth=16384 (crypto queue full)
[DP-WARN] core=11 RX WAN saturated worker=1 q_depth=16384 (crypto queue full)
[DP-WARN] core=11 RX WAN saturated worker=5 q_depth=16384 (crypto queue full)
[DP-WARN] core=11 RX WAN saturated worker=3 q_depth=16384 (crypto queue full)
[DP-WARN] core=11 RX WAN saturated worker=2 q_depth=16384 (crypto queue full)
[DP-WARN] core=11 RX WAN saturated worker=1 q_depth=16384 (crypto queue full)
[DP-WARN] core=11 RX WAN saturated worker=1 q_depth=16384 (crypto queue full)
[DP-WARN] core=11 RX WAN saturated worker=1 q_depth=16384 (crypto queue full)
[DP-WARN] core=11 RX WAN saturated worker=5 q_depth=16384 (crypto queue full)
[DP-WARN] core=11 RX WAN saturated worker=5 q_depth=16384 (crypto queue full)
[DP-WARN] core=11 RX WAN saturated worker=5 q_depth=16384 (crypto queue full)
[DP-WARN] core=11 RX WAN saturated worker=3 q_depth=16384 (crypto queue full)
[DP-WARN] core=11 RX WAN saturated worker=3 q_depth=16384 (crypto queue full)
[DP-WARN] core=11 RX WAN saturated worker=3 q_depth=16384 (crypto queue full)
[DP-WARN] core=11 RX WAN saturated worker=3 q_depth=16384 (crypto queue full)
[DP-WARN] core=11 RX WAN saturated worker=3 q_depth=16384 (crypto queue full)
[DP-WARN] core=11 RX WAN saturated worker=2 q_depth=16384 (crypto queue full)
[DP-WARN] core=11 RX WAN saturated worker=2 q_depth=16384 (crypto queue full)
[DP-WARN] core=11 RX WAN saturated worker=4 q_depth=16384 (crypto queue full)
[DP-WARN] core=11 RX WAN saturated worker=4 q_depth=16384 (crypto queue full)
[DP-WARN] core=11 RX WAN saturated worker=4 q_depth=16384 (crypto queue full)
[DP-WARN] core=11 RX WAN saturated worker=1 q_depth=16384 (crypto queue full)
[DP-WARN] core=11 RX WAN saturated worker=1 q_depth=16384 (crypto queue full)
[DP-WARN] core=11 RX WAN saturated worker=5 q_depth=16384 (crypto queue full)
[DP-WARN] core=11 RX WAN saturated worker=4 q_depth=16384 (crypto queue full)
[DP-WARN] core=11 RX WAN saturated worker=4 q_depth=16384 (crypto queue full)
[DP-WARN] core=11 RX WAN saturated worker=5 q_depth=16384 (crypto queue full)
[DP-WARN] core=11 RX WAN saturated worker=4 q_depth=16384 (crypto queue full)
[DP-WARN] core=11 RX WAN saturated worker=4 q_depth=16384 (crypto queue full)
[DP-WARN] core=11 RX WAN saturated worker=0 q_depth=16384 (crypto queue full)
[DP-WARN] core=11 RX WAN saturated worker=0 q_depth=16384 (crypto queue full)
[DP-WARN] core=11 RX WAN saturated worker=0 q_depth=16384 (crypto queue full)
[DP-WARN] core=11 RX WAN saturated worker=3 q_depth=16384 (crypto queue full)
[DP-WARN] core=11 RX WAN saturated worker=3 q_depth=16384 (crypto queue full)
[DP-WARN] core=11 RX WAN saturated worker=2 q_depth=16384 (crypto queue full)
[DP-WARN] core=11 RX WAN saturated worker=3 q_depth=16384 (crypto queue full)
[DP-WARN] core=11 RX WAN saturated worker=3 q_depth=16384 (crypto queue full)
[DP-WARN] core=11 RX WAN saturated worker=0 q_depth=16384 (crypto queue full)
[DP-WARN] core=11 RX WAN saturated worker=0 q_depth=16384 (crypto queue full)
[DP-WARN] core=11 RX WAN saturated worker=0 q_depth=16384 (crypto queue full)
[DP-WARN] core=11 RX WAN saturated worker=5 q_depth=16384 (crypto queue full)
[DP-WARN] core=11 RX WAN saturated worker=5 q_depth=16384 (crypto queue full)
[DP-WARN] core=11 RX WAN saturated worker=5 q_depth=16384 (crypto queue full)
[DP-WARN] core=11 RX WAN saturated worker=1 q_depth=16384 (crypto queue full)
[DP-WARN] core=11 RX WAN saturated worker=4 q_depth=16384 (crypto queue full)
[DP-WARN] core=11 RX WAN saturated worker=3 q_depth=16384 (crypto queue full)
[DP-WARN] core=11 RX WAN saturated worker=3 q_depth=16384 (crypto queue full)
[DP-WARN] core=11 RX WAN saturated worker=0 q_depth=16384 (crypto queue full)
[DP-WARN] core=11 RX WAN saturated worker=4 q_depth=16384 (crypto queue full)
[DP-WARN] core=11 RX WAN saturated worker=4 q_depth=16384 (crypto queue full)
[DP-WARN] core=11 RX WAN saturated worker=1 q_depth=16384 (crypto queue full)
[DP-WARN] core=11 RX WAN saturated worker=5 q_depth=16384 (crypto queue full)
[DP-WARN] core=11 RX WAN saturated worker=3 q_depth=16384 (crypto queue full)
[DP-WARN] core=11 RX WAN saturated worker=0 q_depth=16384 (crypto queue full)
[DP-WARN] core=11 RX WAN saturated worker=3 q_depth=16384 (crypto queue full)
[DP-WARN] core=11 RX WAN saturated worker=4 q_depth=16384 (crypto queue full)
[DP-WARN] core=11 RX WAN saturated worker=4 q_depth=16384 (crypto queue full)
[DP-WARN] core=11 RX WAN saturated worker=1 q_depth=16384 (crypto queue full)
[DP-WARN] core=11 RX WAN saturated worker=2 q_depth=16384 (crypto queue full)
[DP-WARN] core=11 RX WAN saturated worker=4 q_depth=16384 (crypto queue full)
[DP-WARN] core=11 RX WAN saturated worker=0 q_depth=16384 (crypto queue full)
[DP-WARN] core=11 RX WAN saturated worker=3 q_depth=16384 (crypto queue full)
[DP-WARN] core=11 RX WAN saturated worker=3 q_depth=16384 (crypto queue full)
[DP-WARN] core=11 RX WAN saturated worker=2 q_depth=16384 (crypto queue full)
[DP-WARN] core=11 RX WAN saturated worker=2 q_depth=16384 (crypto queue full)
[DP-WARN] core=11 RX WAN saturated worker=2 q_depth=16384 (crypto queue full)
[DP-WARN] core=11 RX WAN saturated worker=0 q_depth=16384 (crypto queue full)
[DP-WARN] core=11 RX WAN saturated worker=0 q_depth=16384 (crypto queue full)
[DP-WARN] core=11 RX WAN saturated worker=4 q_depth=16384 (crypto queue full)
[DP-WARN] core=11 RX WAN saturated worker=1 q_depth=16384 (crypto queue full)
[DP-WARN] core=11 RX WAN saturated worker=1 q_depth=16384 (crypto queue full)
[DP-WARN] core=11 RX WAN saturated worker=1 q_depth=16384 (crypto queue full)
[DP-WARN] core=11 RX WAN saturated worker=1 q_depth=16384 (crypto queue full)
[DP-WARN] core=11 RX WAN saturated worker=3 q_depth=16384 (crypto queue full)
[DP-WARN] core=11 RX WAN saturated worker=5 q_depth=16384 (crypto queue full)
[DP-WARN] core=11 RX WAN saturated worker=5 q_depth=16384 (crypto queue full)
[DP-WARN] core=11 RX WAN saturated worker=5 q_depth=16384 (crypto queue full)
[DP-WARN] core=11 RX WAN saturated worker=0 q_depth=16384 (crypto queue full)
[DP-WARN] core=11 RX WAN saturated worker=1 q_depth=16384 (crypto queue full)
[DP-WARN] core=11 RX WAN saturated worker=1 q_depth=16384 (crypto queue full)
[DP-WARN] core=11 RX WAN saturated worker=4 q_depth=16384 (crypto queue full)
[DP-WARN] core=11 RX WAN saturated worker=4 q_depth=16384 (crypto queue full)
[DP-WARN] core=11 RX WAN saturated worker=4 q_depth=16384 (crypto queue full)
[DP-WARN] core=11 RX WAN saturated worker=0 q_depth=16384 (crypto queue full)
[DP-WARN] core=11 RX WAN saturated worker=0 q_depth=16384 (crypto queue full)
[DP-WARN] core=11 RX WAN saturated worker=2 q_depth=16384 (crypto queue full)
[DP-WARN] core=11 RX WAN saturated worker=2 q_depth=16384 (crypto queue full)
[DP-WARN] core=11 RX WAN saturated worker=1 q_depth=16384 (crypto queue full)
[DP-WARN] core=11 RX WAN saturated worker=1 q_depth=16384 (crypto queue full)
[DP-WARN] core=11 RX WAN saturated worker=1 q_depth=16384 (crypto queue full)
[DP-WARN] core=11 RX WAN saturated worker=5 q_depth=16384 (crypto queue full)
[DP-WARN] core=11 RX WAN saturated worker=2 q_depth=16384 (crypto queue full)
[DP-WARN] core=11 RX WAN saturated worker=0 q_depth=16384 (crypto queue full)
[DP-WARN] core=11 RX WAN saturated worker=0 q_depth=16384 (crypto queue full)
[DP-WARN] core=11 RX WAN saturated worker=0 q_depth=16384 (crypto queue full)
[DP-WARN] core=11 RX WAN saturated worker=0 q_depth=16384 (crypto queue full)
[DP-WARN] core=11 RX WAN saturated worker=4 q_depth=16384 (crypto queue full)
[DP-WARN] core=11 RX WAN saturated worker=5 q_depth=16384 (crypto queue full)
[DP-WARN] core=11 RX WAN saturated worker=0 q_depth=16384 (crypto queue full)
[DP-WARN] core=11 RX WAN saturated worker=3 q_depth=16384 (crypto queue full)
[DP-WARN] core=11 RX WAN saturated worker=3 q_depth=16384 (crypto queue full)
[DP-WARN] core=11 RX WAN saturated worker=3 q_depth=16384 (crypto queue full)
[DP-WARN] core=11 RX WAN saturated worker=1 q_depth=16383 (crypto queue full)
[DP-WARN] core=11 RX WAN saturated worker=1 q_depth=16384 (crypto queue full)
[DP-WARN] core=11 RX WAN saturated worker=1 q_depth=16384 (crypto queue full)
[DP-WARN] core=11 RX WAN saturated worker=4 q_depth=16384 (crypto queue full)
[DP-WARN] core=11 RX WAN saturated worker=4 q_depth=16384 (crypto queue full)
[DP-WARN] core=11 RX WAN saturated worker=2 q_depth=16384 (crypto queue full)
[DP-WARN] core=11 RX WAN saturated worker=1 q_depth=16384 (crypto queue full)
[DP-WARN] core=11 RX WAN saturated worker=4 q_depth=16384 (crypto queue full)
[DP-WARN] core=11 RX WAN saturated worker=0 q_depth=16384 (crypto queue full)
[DP-WARN] core=11 RX WAN saturated worker=2 q_depth=16384 (crypto queue full)
[DP-WARN] core=11 RX WAN saturated worker=2 q_depth=16384 (crypto queue full)
[DP-WARN] core=11 RX WAN saturated worker=4 q_depth=16384 (crypto queue full)
[DP-WARN] core=11 RX WAN saturated worker=1 q_depth=16384 (crypto queue full)
[DP-WARN] core=11 RX WAN saturated worker=1 q_depth=16384 (crypto queue full)
[DP-WARN] core=11 RX WAN saturated worker=3 q_depth=16384 (crypto queue full)
[DP-WARN] core=11 RX WAN saturated worker=3 q_depth=16384 (crypto queue full)
[DP-WARN] core=11 RX WAN saturated worker=3 q_depth=16384 (crypto queue full)
[DP-WARN] core=11 RX WAN saturated worker=0 q_depth=16384 (crypto queue full)
[DP-WARN] core=11 RX WAN saturated worker=0 q_depth=16384 (crypto queue full)
[DP-WARN] core=11 RX WAN saturated worker=0 q_depth=16384 (crypto queue full)
[DP-WARN] core=11 RX WAN saturated worker=2 q_depth=16384 (crypto queue full)
[DP-WARN] core=11 RX WAN saturated worker=1 q_depth=16384 (crypto queue full)
[DP-WARN] core=11 RX WAN saturated worker=1 q_depth=16384 (crypto queue full)
[DP-WARN] core=11 RX WAN saturated worker=1 q_depth=16384 (crypto queue full)
[DP-WARN] core=11 RX WAN saturated worker=5 q_depth=16384 (crypto queue full)
[DP-WARN] core=11 RX WAN saturated worker=5 q_depth=16384 (crypto queue full)
[DP-WARN] core=11 RX WAN saturated worker=4 q_depth=16384 (crypto queue full)
[DP-WARN] core=11 RX WAN saturated worker=3 q_depth=16384 (crypto queue full)
[DP-WARN] core=11 RX WAN saturated worker=3 q_depth=16384 (crypto queue full)
[DP-WARN] core=11 RX WAN saturated worker=2 q_depth=16384 (crypto queue full)
[DP-WARN] core=11 RX WAN saturated worker=2 q_depth=16384 (crypto queue full)
[DP-WARN] core=11 RX WAN saturated worker=2 q_depth=16384 (crypto queue full)
[DP-WARN] core=11 RX WAN saturated worker=4 q_depth=16384 (crypto queue full)
[DP-WARN] core=11 RX WAN saturated worker=0 q_depth=16384 (crypto queue full)
[DP-WARN] core=11 RX WAN saturated worker=2 q_depth=16384 (crypto queue full)
[DP-WARN] core=11 RX WAN saturated worker=3 q_depth=16384 (crypto queue full)
[DP-WARN] core=11 RX WAN saturated worker=5 q_depth=16384 (crypto queue full)
[DP-WARN] core=11 RX WAN saturated worker=1 q_depth=16384 (crypto queue full)
[DP-WARN] core=11 RX WAN saturated worker=5 q_depth=16384 (crypto queue full)
[DP-WARN] core=11 RX WAN saturated worker=5 q_depth=16384 (crypto queue full)
[DP-WARN] core=11 RX WAN saturated worker=3 q_depth=16384 (crypto queue full)
[DP-WARN] core=11 RX WAN saturated worker=3 q_depth=16384 (crypto queue full)
[DP-WARN] core=11 RX WAN saturated worker=4 q_depth=16384 (crypto queue full)
[DP-WARN] core=11 RX WAN saturated worker=4 q_depth=16384 (crypto queue full)
[DP-WARN] core=11 RX WAN saturated worker=5 q_depth=16384 (crypto queue full)
[DP-WARN] core=11 RX WAN saturated worker=5 q_depth=16384 (crypto queue full)
[DP-WARN] core=11 RX WAN saturated worker=2 q_depth=16384 (crypto queue full)
[DP-WARN] core=11 RX WAN saturated worker=2 q_depth=16384 (crypto queue full)
[DP-WARN] core=11 RX WAN saturated worker=4 q_depth=16384 (crypto queue full)
[DP-WARN] core=11 RX WAN saturated worker=3 q_depth=16384 (crypto queue full)
[DP-WARN] core=11 RX WAN saturated worker=3 q_depth=16384 (crypto queue full)
[DP-WARN] core=11 RX WAN saturated worker=3 q_depth=16384 (crypto queue full)
[DP-WARN] core=11 RX WAN saturated worker=3 q_depth=16384 (crypto queue full)
[DP-WARN] core=11 RX WAN saturated worker=1 q_depth=16384 (crypto queue full)
[DP-WARN] core=11 RX WAN saturated worker=1 q_depth=16384 (crypto queue full)
[DP-WARN] core=11 RX WAN saturated worker=0 q_depth=16384 (crypto queue full)
[DP-WARN] core=11 RX WAN saturated worker=0 q_depth=16384 (crypto queue full)
[DP-WARN] core=11 RX WAN saturated worker=0 q_depth=16384 (crypto queue full)
[DP-WARN] core=11 RX WAN saturated worker=2 q_depth=16383 (crypto queue full)
[DP-WARN] core=11 RX WAN saturated worker=2 q_depth=16384 (crypto queue full)
[DP-WARN] core=11 RX WAN saturated worker=1 q_depth=16384 (crypto queue full)
[DP-WARN] core=11 RX WAN saturated worker=1 q_depth=16384 (crypto queue full)
[DP-WARN] core=11 RX WAN saturated worker=1 q_depth=16384 (crypto queue full)
[DP-WARN] core=11 RX WAN saturated worker=5 q_depth=16384 (crypto queue full)
[DP-WARN] core=11 RX WAN saturated worker=5 q_depth=16384 (crypto queue full)
[DP-WARN] core=11 RX WAN saturated worker=5 q_depth=16384 (crypto queue full)
[DP-WARN] core=11 RX WAN saturated worker=4 q_depth=16384 (crypto queue full)
[DP-WARN] core=11 RX WAN saturated worker=2 q_depth=16384 (crypto queue full)
[DP-WARN] core=11 RX WAN saturated worker=3 q_depth=16384 (crypto queue full)
[DP-WARN] core=11 RX WAN saturated worker=0 q_depth=16384 (crypto queue full)
[DP-WARN] core=11 RX WAN saturated worker=0 q_depth=16384 (crypto queue full)
[DP-WARN] core=11 RX WAN saturated worker=1 q_depth=16384 (crypto queue full)
[DP-WARN] core=11 RX WAN saturated worker=2 q_depth=16384 (crypto queue full)
[DP-WARN] core=11 RX WAN saturated worker=2 q_depth=16384 (crypto queue full)
[DP-WARN] core=11 RX WAN saturated worker=3 q_depth=16384 (crypto queue full)
[DP-WARN] core=11 RX WAN saturated worker=3 q_depth=16384 (crypto queue full)
[DP-WARN] core=11 RX WAN saturated worker=1 q_depth=16384 (crypto queue full)
[DP-WARN] core=11 RX WAN saturated worker=1 q_depth=16384 (crypto queue full)
[DP-WARN] core=11 RX WAN saturated worker=1 q_depth=16384 (crypto queue full)
[DP-WARN] core=11 RX WAN saturated worker=1 q_depth=16384 (crypto queue full)
[DP-WARN] core=11 RX WAN saturated worker=2 q_depth=16384 (crypto queue full)
[DP-WARN] core=11 RX WAN saturated worker=0 q_depth=16384 (crypto queue full)
[DP-WARN] core=11 RX WAN saturated worker=0 q_depth=16384 (crypto queue full)
[DP-WARN] core=11 RX WAN saturated worker=2 q_depth=16384 (crypto queue full)
[DP-WARN] core=11 RX WAN saturated worker=2 q_depth=16384 (crypto queue full)
[DP-WARN] core=11 RX WAN saturated worker=1 q_depth=16384 (crypto queue full)
[DP-WARN] core=11 RX WAN saturated worker=4 q_depth=16384 (crypto queue full)
[DP-WARN] core=11 RX WAN saturated worker=4 q_depth=16384 (crypto queue full)
[DP-WARN] core=11 RX WAN saturated worker=4 q_depth=16384 (crypto queue full)
[DP-WARN] core=11 RX WAN saturated worker=4 q_depth=16384 (crypto queue full)
[DP-WARN] core=11 RX WAN saturated worker=3 q_depth=16384 (crypto queue full)
[DP-WARN] core=11 RX WAN saturated worker=1 q_depth=16384 (crypto queue full)
[DP-WARN] core=11 RX WAN saturated worker=1 q_depth=16384 (crypto queue full)
[DP-WARN] core=11 RX WAN saturated worker=5 q_depth=16384 (crypto queue full)
[DP-WARN] core=11 RX WAN saturated worker=5 q_depth=16384 (crypto queue full)
[DP-WARN] core=11 RX WAN saturated worker=5 q_depth=16384 (crypto queue full)
[DP-WARN] core=11 RX WAN saturated worker=5 q_depth=16384 (crypto queue full)
[DP-WARN] core=11 RX WAN saturated worker=5 q_depth=16384 (crypto queue full)
[DP-WARN] core=11 RX WAN saturated worker=5 q_depth=16384 (crypto queue full)
[DP-WARN] core=11 RX WAN saturated worker=2 q_depth=16384 (crypto queue full)
[DP-WARN] core=11 RX WAN saturated worker=2 q_depth=16384 (crypto queue full)
[DP-WARN] core=11 RX WAN saturated worker=1 q_depth=16384 (crypto queue full)
[DP-WARN] core=11 RX WAN saturated worker=1 q_depth=16384 (crypto queue full)
[DP-WARN] core=11 RX WAN saturated worker=2 q_depth=16384 (crypto queue full)
[DP-WARN] core=11 RX WAN saturated worker=2 q_depth=16384 (crypto queue full)
[DP-WARN] core=11 RX WAN saturated worker=2 q_depth=16384 (crypto queue full)
[DP-WARN] core=11 RX WAN saturated worker=0 q_depth=16384 (crypto queue full)
[DP-WARN] core=11 RX WAN saturated worker=3 q_depth=16384 (crypto queue full)
[DP-WARN] core=11 RX WAN saturated worker=5 q_depth=16384 (crypto queue full)
[DP-WARN] core=11 RX WAN saturated worker=5 q_depth=16384 (crypto queue full)
[DP-WARN] core=11 RX WAN saturated worker=2 q_depth=16384 (crypto queue full)
[DP-WARN] core=11 RX WAN saturated worker=1 q_depth=16384 (crypto queue full)
[DP-WARN] core=11 RX WAN saturated worker=1 q_depth=16384 (crypto queue full)
[DP-WARN] core=11 RX WAN saturated worker=0 q_depth=16384 (crypto queue full)
[DP-WARN] core=11 RX WAN saturated worker=0 q_depth=16384 (crypto queue full)
[DP-WARN] core=11 RX WAN saturated worker=4 q_depth=16384 (crypto queue full)
[DP-WARN] core=11 RX WAN saturated worker=2 q_depth=16384 (crypto queue full)
[DP-WARN] core=11 RX WAN saturated worker=2 q_depth=16384 (crypto queue full)
[DP-WARN] core=11 RX WAN saturated worker=1 q_depth=16384 (crypto queue full)
[DP-WARN] core=11 RX WAN saturated worker=1 q_depth=16384 (crypto queue full)
[DP-WARN] core=11 RX WAN saturated worker=1 q_depth=16384 (crypto queue full)
[DP-WARN] core=11 RX WAN saturated worker=2 q_depth=16384 (crypto queue full)
[DP-WARN] core=11 RX WAN saturated worker=5 q_depth=16384 (crypto queue full)
[DP-WARN] core=11 RX WAN saturated worker=1 q_depth=16384 (crypto queue full)
[DP-WARN] core=11 RX WAN saturated worker=1 q_depth=16384 (crypto queue full)
[DP-WARN] core=11 RX WAN saturated worker=1 q_depth=16384 (crypto queue full)
[DP-WARN] core=11 RX WAN saturated worker=0 q_depth=16384 (crypto queue full)
[DP-WARN] core=11 RX WAN saturated worker=4 q_depth=16384 (crypto queue full)
[DP-WARN] core=11 RX WAN saturated worker=5 q_depth=16384 (crypto queue full)
[DP-WARN] core=11 RX WAN saturated worker=5 q_depth=16384 (crypto queue full)
[DP-WARN] core=11 RX WAN saturated worker=5 q_depth=16384 (crypto queue full)
[DP-WARN] core=11 RX WAN saturated worker=5 q_depth=16384 (crypto queue full)
[DP-WARN] core=11 RX WAN saturated worker=3 q_depth=16384 (crypto queue full)
[DP-WARN] core=11 RX WAN saturated worker=4 q_depth=16384 (crypto queue full)
[DP-WARN] core=11 RX WAN saturated worker=2 q_depth=16384 (crypto queue full)
[DP-WARN] core=11 RX WAN saturated worker=2 q_depth=16384 (crypto queue full)
[DP-WARN] core=11 RX WAN saturated worker=1 q_depth=16384 (crypto queue full)
[DP-WARN] core=11 RX WAN saturated worker=1 q_depth=16384 (crypto queue full)
[DP-WARN] core=11 RX WAN saturated worker=1 q_depth=16384 (crypto queue full)
[DP-WARN] core=11 RX WAN saturated worker=0 q_depth=16384 (crypto queue full)
[DP-WARN] core=11 RX WAN saturated worker=2 q_depth=16384 (crypto queue full)
[DP-WARN] core=11 RX WAN saturated worker=0 q_depth=16384 (crypto queue full)
[DP-WARN] core=11 RX WAN saturated worker=0 q_depth=16384 (crypto queue full)
[DP-WARN] core=11 RX WAN saturated worker=0 q_depth=16384 (crypto queue full)
[DP-WARN] core=11 RX WAN saturated worker=4 q_depth=16384 (crypto queue full)
[DP-WARN] core=11 RX WAN saturated worker=4 q_depth=16384 (crypto queue full)
[DP-WARN] core=11 RX WAN saturated worker=4 q_depth=16384 (crypto queue full)
[DP-WARN] core=11 RX WAN saturated worker=1 q_depth=16384 (crypto queue full)
[DP-WARN] core=11 RX WAN saturated worker=1 q_depth=16384 (crypto queue full)
[DP-WARN] core=11 RX WAN saturated worker=0 q_depth=16384 (crypto queue full)
[DP-WARN] core=11 RX WAN saturated worker=0 q_depth=16384 (crypto queue full)
[DP-WARN] core=11 RX WAN saturated worker=0 q_depth=16384 (crypto queue full)
[DP-WARN] core=11 RX WAN saturated worker=4 q_depth=16384 (crypto queue full)
[DP-WARN] core=11 RX WAN saturated worker=5 q_depth=16384 (crypto queue full)
[DP-WARN] core=11 RX WAN saturated worker=2 q_depth=16384 (crypto queue full)
[DP-WARN] core=11 RX WAN saturated worker=0 q_depth=16384 (crypto queue full)
[DP-WARN] core=11 RX WAN saturated worker=0 q_depth=16384 (crypto queue full)
[DP-WARN] core=11 RX WAN saturated worker=4 q_depth=16384 (crypto queue full)
[DP-WARN] core=11 RX WAN saturated worker=3 q_depth=16384 (crypto queue full)
[DP-WARN] core=11 RX WAN saturated worker=3 q_depth=16384 (crypto queue full)
[DP-WARN] core=11 RX WAN saturated worker=4 q_depth=16384 (crypto queue full)
[DP-WARN] core=11 RX WAN saturated worker=4 q_depth=16384 (crypto queue full)
[DP-WARN] core=11 RX WAN saturated worker=4 q_depth=16384 (crypto queue full)
[DP-WARN] core=11 RX WAN saturated worker=2 q_depth=16384 (crypto queue full)
[DP-WARN] core=11 RX WAN saturated worker=2 q_depth=16384 (crypto queue full)
[DP-WARN] core=11 RX WAN saturated worker=5 q_depth=16384 (crypto queue full)
[DP-WARN] core=11 RX WAN saturated worker=4 q_depth=16384 (crypto queue full)
[DP-WARN] core=11 RX WAN saturated worker=1 q_depth=16384 (crypto queue full)
[DP-WARN] core=11 RX WAN saturated worker=0 q_depth=16384 (crypto queue full)
[DP-WARN] core=11 RX WAN saturated worker=0 q_depth=16384 (crypto queue full)
[DP-WARN] core=11 RX WAN saturated worker=3 q_depth=16384 (crypto queue full)
[DP-WARN] core=11 RX WAN saturated worker=3 q_depth=16384 (crypto queue full)
[DP-WARN] core=11 RX WAN saturated worker=3 q_depth=16384 (crypto queue full)
[DP-WARN] core=11 RX WAN saturated worker=4 q_depth=16384 (crypto queue full)
[DP-WARN] core=11 RX WAN saturated worker=4 q_depth=16384 (crypto queue full)
[DP-WARN] core=11 RX WAN saturated worker=5 q_depth=16384 (crypto queue full)
[DP-WARN] core=11 RX WAN saturated worker=5 q_depth=16384 (crypto queue full)
[DP-WARN] core=11 RX WAN saturated worker=2 q_depth=16384 (crypto queue full)
[DP-WARN] core=11 RX WAN saturated worker=0 q_depth=16384 (crypto queue full)
[DP-WARN] core=11 RX WAN saturated worker=5 q_depth=16384 (crypto queue full)
[DP-WARN] core=11 RX WAN saturated worker=5 q_depth=16384 (crypto queue full)
[DP-WARN] core=11 RX WAN saturated worker=3 q_depth=16384 (crypto queue full)
[DP-WARN] core=11 RX WAN saturated worker=3 q_depth=16384 (crypto queue full)
[DP-WARN] core=11 RX WAN saturated worker=0 q_depth=16384 (crypto queue full)
[DP-WARN] core=11 RX WAN saturated worker=0 q_depth=16384 (crypto queue full)
[DP-WARN] core=11 RX WAN saturated worker=2 q_depth=16384 (crypto queue full)
[DP-WARN] core=11 RX WAN saturated worker=2 q_depth=16384 (crypto queue full)
[DP-WARN] core=11 RX WAN saturated worker=1 q_depth=16384 (crypto queue full)
[DP-WARN] core=11 RX WAN saturated worker=1 q_depth=16384 (crypto queue full)
[DP-WARN] core=11 RX WAN saturated worker=3 q_depth=16384 (crypto queue full)
[DP-WARN] core=11 RX WAN saturated worker=0 q_depth=16384 (crypto queue full)
[DP-WARN] core=11 RX WAN saturated worker=2 q_depth=16384 (crypto queue full)
[DP-WARN] core=11 RX WAN saturated worker=2 q_depth=16384 (crypto queue full)
[DP-WARN] core=11 RX WAN saturated worker=5 q_depth=16384 (crypto queue full)
[DP-WARN] core=11 RX WAN saturated worker=5 q_depth=16384 (crypto queue full)
[DP-WARN] core=11 RX WAN saturated worker=5 q_depth=16384 (crypto queue full)
[DP-WARN] core=11 RX WAN saturated worker=1 q_depth=16384 (crypto queue full)
[DP-WARN] core=11 RX WAN saturated worker=1 q_depth=16384 (crypto queue full)
[DP-WARN] core=11 RX WAN saturated worker=4 q_depth=16384 (crypto queue full)
[DP-WARN] core=11 RX WAN saturated worker=2 q_depth=16384 (crypto queue full)
[DP-WARN] core=11 RX WAN saturated worker=2 q_depth=16384 (crypto queue full)
[DP-WARN] core=11 RX WAN saturated worker=0 q_depth=16384 (crypto queue full)
[DP-WARN] core=11 RX WAN saturated worker=0 q_depth=16384 (crypto queue full)
[DP-WARN] core=11 RX WAN saturated worker=5 q_depth=16384 (crypto queue full)
[DP-WARN] core=11 RX WAN saturated worker=5 q_depth=16384 (crypto queue full)
[DP-WARN] core=11 RX WAN saturated worker=4 q_depth=16384 (crypto queue full)
[DP-WARN] core=11 RX WAN saturated worker=2 q_depth=16384 (crypto queue full)
[DP-WARN] core=11 RX WAN saturated worker=3 q_depth=16384 (crypto queue full)
[DP-WARN] core=11 RX WAN saturated worker=2 q_depth=16384 (crypto queue full)
[DP-WARN] core=11 RX WAN saturated worker=2 q_depth=16384 (crypto queue full)
[DP-WARN] core=11 RX WAN saturated worker=4 q_depth=16384 (crypto queue full)
[DP-WARN] core=11 RX WAN saturated worker=0 q_depth=16384 (crypto queue full)
[DP-WARN] core=11 RX WAN saturated worker=1 q_depth=16384 (crypto queue full)
[DP-WARN] core=11 RX WAN saturated worker=1 q_depth=16384 (crypto queue full)
[DP-WARN] core=11 RX WAN saturated worker=1 q_depth=16384 (crypto queue full)
[DP-WARN] core=11 RX WAN saturated worker=5 q_depth=16384 (crypto queue full)
[DP-WARN] core=11 RX WAN saturated worker=5 q_depth=16384 (crypto queue full)
[DP-WARN] core=11 RX WAN saturated worker=0 q_depth=16384 (crypto queue full)
[DP-WARN] core=11 RX WAN saturated worker=2 q_depth=16384 (crypto queue full)
[DP-WARN] core=11 RX WAN saturated worker=0 q_depth=16384 (crypto queue full)
[DP-WARN] core=11 RX WAN saturated worker=0 q_depth=16384 (crypto queue full)
[DP-WARN] core=11 RX WAN saturated worker=4 q_depth=16384 (crypto queue full)
[DP-WARN] core=11 RX WAN saturated worker=4 q_depth=16384 (crypto queue full)
[DP-WARN] core=11 RX WAN saturated worker=4 q_depth=16384 (crypto queue full)
[DP-WARN] core=11 RX WAN saturated worker=2 q_depth=16384 (crypto queue full)
[DP-WARN] core=11 RX WAN saturated worker=2 q_depth=16384 (crypto queue full)
[DP-WARN] core=11 RX WAN saturated worker=1 q_depth=16384 (crypto queue full)
[DP-WARN] core=11 RX WAN saturated worker=1 q_depth=16384 (crypto queue full)
[DP-WARN] core=11 RX WAN saturated worker=0 q_depth=16384 (crypto queue full)
[DP-WARN] core=11 RX WAN saturated worker=5 q_depth=16384 (crypto queue full)
[DP-WARN] core=11 RX WAN saturated worker=5 q_depth=16384 (crypto queue full)
[DP-WARN] core=11 RX WAN saturated worker=1 q_depth=16384 (crypto queue full)
[DP-WARN] core=11 RX WAN saturated worker=1 q_depth=16384 (crypto queue full)
[DP-WARN] core=11 RX WAN saturated worker=0 q_depth=16384 (crypto queue full)
[DP-WARN] core=11 RX WAN saturated worker=2 q_depth=16384 (crypto queue full)
[DP-WARN] core=11 RX WAN saturated worker=2 q_depth=16384 (crypto queue full)
[DP-WARN] core=11 RX WAN saturated worker=2 q_depth=16384 (crypto queue full)
[DP-WARN] core=11 RX WAN saturated worker=0 q_depth=16384 (crypto queue full)
[DP-WARN] core=11 RX WAN saturated worker=0 q_depth=16384 (crypto queue full)
[DP-WARN] core=11 RX WAN saturated worker=3 q_depth=16384 (crypto queue full)
[DP-WARN] core=11 RX WAN saturated worker=3 q_depth=16384 (crypto queue full)
[DP-WARN] core=11 RX WAN saturated worker=3 q_depth=16384 (crypto queue full)
[DP-WARN] core=11 RX WAN saturated worker=3 q_depth=16384 (crypto queue full)
[DP-WARN] core=11 RX WAN saturated worker=5 q_depth=16384 (crypto queue full)
[DP-WARN] core=11 RX WAN saturated worker=5 q_depth=16384 (crypto queue full)
[DP-WARN] core=11 RX WAN saturated worker=5 q_depth=16384 (crypto queue full)
[DP-WARN] core=11 RX WAN saturated worker=5 q_depth=16384 (crypto queue full)
[DP-WARN] core=11 RX WAN saturated worker=4 q_depth=16384 (crypto queue full)
[DP-WARN] core=11 RX WAN saturated worker=4 q_depth=16384 (crypto queue full)
[DP-WARN] core=11 RX WAN saturated worker=4 q_depth=16384 (crypto queue full)
[DP-WARN] core=11 RX WAN saturated worker=2 q_depth=16384 (crypto queue full)
[DP-WARN] core=11 RX WAN saturated worker=2 q_depth=16384 (crypto queue full)
[DP-WARN] core=11 RX WAN saturated worker=4 q_depth=16384 (crypto queue full)
[DP-WARN] core=11 RX WAN saturated worker=1 q_depth=16384 (crypto queue full)
[DP-WARN] core=11 RX WAN saturated worker=0 q_depth=16384 (crypto queue full)
[DP-WARN] core=11 RX WAN saturated worker=3 q_depth=16384 (crypto queue full)
[DP-WARN] core=11 RX WAN saturated worker=3 q_depth=16384 (crypto queue full)
[DP-WARN] core=11 RX WAN saturated worker=0 q_depth=16384 (crypto queue full)
[DP-WARN] core=11 RX WAN saturated worker=0 q_depth=16384 (crypto queue full)
[DP-WARN] core=11 RX WAN saturated worker=5 q_depth=16384 (crypto queue full)
[DP-WARN] core=11 RX WAN saturated worker=2 q_depth=16384 (crypto queue full)
[DP-WARN] core=11 RX WAN saturated worker=2 q_depth=16384 (crypto queue full)
[DP-WARN] core=11 RX WAN saturated worker=2 q_depth=16384 (crypto queue full)
[DP-WARN] core=11 RX WAN saturated worker=4 q_depth=16384 (crypto queue full)
[DP-WARN] core=11 RX WAN saturated worker=4 q_depth=16384 (crypto queue full)
[DP-WARN] core=11 RX WAN saturated worker=4 q_depth=16384 (crypto queue full)
[DP-WARN] core=11 RX WAN saturated worker=2 q_depth=16384 (crypto queue full)
[DP-WARN] core=11 RX WAN saturated worker=2 q_depth=16384 (crypto queue full)
[DP-WARN] core=11 RX WAN saturated worker=1 q_depth=16384 (crypto queue full)
[DP-WARN] core=11 RX WAN saturated worker=1 q_depth=16384 (crypto queue full)
[DP-WARN] core=11 RX WAN saturated worker=4 q_depth=16384 (crypto queue full)
[DP-WARN] core=11 RX WAN saturated worker=4 q_depth=16384 (crypto queue full)
[DP-WARN] core=11 RX WAN saturated worker=3 q_depth=16384 (crypto queue full)
[DP-WARN] core=11 RX WAN saturated worker=3 q_depth=16384 (crypto queue full)
[DP-WARN] core=11 RX WAN saturated worker=5 q_depth=16384 (crypto queue full)
[DP-WARN] core=11 RX WAN saturated worker=0 q_depth=16384 (crypto queue full)
[DP-WARN] core=11 RX WAN saturated worker=0 q_depth=16384 (crypto queue full)
[DP-WARN] core=11 RX WAN saturated worker=0 q_depth=16384 (crypto queue full)
[DP-WARN] core=11 RX WAN saturated worker=2 q_depth=16384 (crypto queue full)
[DP-WARN] core=11 RX WAN saturated worker=1 q_depth=16384 (crypto queue full)
[DP-WARN] core=11 RX WAN saturated worker=5 q_depth=16384 (crypto queue full)
[DP-WARN] core=11 RX WAN saturated worker=4 q_depth=16384 (crypto queue full)
[DP-WARN] core=11 RX WAN saturated worker=1 q_depth=16384 (crypto queue full)
[DP-WARN] core=11 RX WAN saturated worker=1 q_depth=16384 (crypto queue full)
[DP-WARN] core=11 RX WAN saturated worker=0 q_depth=16384 (crypto queue full)
[DP-WARN] core=11 RX WAN saturated worker=0 q_depth=16384 (crypto queue full)
[DP-WARN] core=11 RX WAN saturated worker=5 q_depth=16384 (crypto queue full)
[DP-WARN] core=11 RX WAN saturated worker=5 q_depth=16384 (crypto queue full)
[DP-WARN] core=11 RX WAN saturated worker=5 q_depth=16384 (crypto queue full)
[DP-WARN] core=11 RX WAN saturated worker=1 q_depth=16384 (crypto queue full)
[DP-WARN] core=11 RX WAN saturated worker=1 q_depth=16384 (crypto queue full)
[DP-WARN] core=11 RX WAN saturated worker=1 q_depth=16384 (crypto queue full)
[DP-WARN] core=11 RX WAN saturated worker=4 q_depth=16384 (crypto queue full)
[DP-WARN] core=11 RX WAN saturated worker=1 q_depth=16384 (crypto queue full)
[DP-WARN] core=11 RX WAN saturated worker=1 q_depth=16384 (crypto queue full)
[DP-WARN] core=11 RX WAN saturated worker=1 q_depth=16384 (crypto queue full)
[DP-WARN] core=11 RX WAN saturated worker=2 q_depth=16384 (crypto queue full)
[DP-WARN] core=11 RX WAN saturated worker=0 q_depth=16384 (crypto queue full)
[DP-WARN] core=11 RX WAN saturated worker=0 q_depth=16384 (crypto queue full)
[DP-WARN] core=11 RX WAN saturated worker=0 q_depth=16384 (crypto queue full)
[DP-WARN] core=11 RX WAN saturated worker=4 q_depth=16384 (crypto queue full)
[DP-WARN] core=11 RX WAN saturated worker=4 q_depth=16384 (crypto queue full)
[DP-WARN] core=11 RX WAN saturated worker=5 q_depth=16384 (crypto queue full)
[DP-WARN] core=11 RX WAN saturated worker=3 q_depth=16384 (crypto queue full)
[DP-WARN] core=11 RX WAN saturated worker=5 q_depth=16384 (crypto queue full)
[DP-WARN] core=11 RX WAN saturated worker=5 q_depth=16384 (crypto queue full)
[DP-WARN] core=11 RX WAN saturated worker=0 q_depth=16384 (crypto queue full)
[DP-WARN] core=11 RX WAN saturated worker=0 q_depth=16384 (crypto queue full)
[DP-WARN] core=11 RX WAN saturated worker=0 q_depth=16384 (crypto queue full)
[DP-WARN] core=11 RX WAN saturated worker=1 q_depth=16384 (crypto queue full)
[DP-WARN] core=11 RX WAN saturated worker=1 q_depth=16384 (crypto queue full)
[DP-WARN] core=11 RX WAN saturated worker=2 q_depth=16384 (crypto queue full)
[DP-WARN] core=11 RX WAN saturated worker=3 q_depth=16384 (crypto queue full)
[DP-WARN] core=11 RX WAN saturated worker=5 q_depth=16384 (crypto queue full)
[DP-WARN] core=11 RX WAN saturated worker=5 q_depth=16384 (crypto queue full)
[DP-WARN] core=11 RX WAN saturated worker=1 q_depth=16384 (crypto queue full)
[DP-WARN] core=11 RX WAN saturated worker=1 q_depth=16384 (crypto queue full)
[DP-WARN] core=11 RX WAN saturated worker=4 q_depth=16384 (crypto queue full)
[DP-WARN] core=11 RX WAN saturated worker=4 q_depth=16384 (crypto queue full)
[DP-WARN] core=11 RX WAN saturated worker=4 q_depth=16384 (crypto queue full)
[DP-WARN] core=11 RX WAN saturated worker=2 q_depth=16384 (crypto queue full)
[DP-WARN] core=11 RX WAN saturated worker=2 q_depth=16384 (crypto queue full)
[DP-WARN] core=11 RX WAN saturated worker=2 q_depth=16384 (crypto queue full)
[DP-WARN] core=11 RX WAN saturated worker=0 q_depth=16384 (crypto queue full)
[DP-WARN] core=11 RX WAN saturated worker=4 q_depth=16384 (crypto queue full)
[DP-WARN] core=11 RX WAN saturated worker=2 q_depth=16384 (crypto queue full)
[DP-WARN] core=11 RX WAN saturated worker=2 q_depth=16384 (crypto queue full)
[DP-WARN] core=11 RX WAN saturated worker=1 q_depth=16384 (crypto queue full)
[DP-WARN] core=11 RX WAN saturated worker=1 q_depth=16384 (crypto queue full)
[DP-WARN] core=11 RX WAN saturated worker=1 q_depth=16384 (crypto queue full)
[DP-WARN] core=11 RX WAN saturated worker=3 q_depth=16384 (crypto queue full)
[DP-WARN] core=11 RX WAN saturated worker=0 q_depth=16384 (crypto queue full)
[DP-WARN] core=11 RX WAN saturated worker=0 q_depth=16384 (crypto queue full)
[DP-WARN] core=11 RX WAN saturated worker=5 q_depth=16384 (crypto queue full)
[DP-WARN] core=11 RX WAN saturated worker=5 q_depth=16384 (crypto queue full)
[DP-WARN] core=11 RX WAN saturated worker=1 q_depth=16384 (crypto queue full)
[DP-WARN] core=11 RX WAN saturated worker=1 q_depth=16384 (crypto queue full)
[DP-WARN] core=11 RX WAN saturated worker=1 q_depth=16384 (crypto queue full)
[DP-WARN] core=11 RX WAN saturated worker=1 q_depth=16384 (crypto queue full)
[DP-WARN] core=11 RX WAN saturated worker=2 q_depth=16384 (crypto queue full)
[DP-WARN] core=11 RX WAN saturated worker=3 q_depth=16384 (crypto queue full)
[DP-WARN] core=11 RX WAN saturated worker=3 q_depth=16384 (crypto queue full)
[DP-WARN] core=11 RX WAN saturated worker=4 q_depth=16384 (crypto queue full)
[DP-WARN] core=11 RX WAN saturated worker=4 q_depth=16384 (crypto queue full)
[DP-WARN] core=11 RX WAN saturated worker=2 q_depth=16384 (crypto queue full)
[DP-WARN] core=11 RX WAN saturated worker=2 q_depth=16384 (crypto queue full)
[DP-WARN] core=11 RX WAN saturated worker=1 q_depth=16383 (crypto queue full)
[DP-WARN] core=11 RX WAN saturated worker=1 q_depth=16384 (crypto queue full)
[DP-WARN] core=11 RX WAN saturated worker=0 q_depth=16384 (crypto queue full)
[DP-WARN] core=11 RX WAN saturated worker=3 q_depth=16384 (crypto queue full)
[DP-WARN] core=11 RX WAN saturated worker=1 q_depth=16384 (crypto queue full)
[DP-WARN] core=11 RX WAN saturated worker=1 q_depth=16384 (crypto queue full)
[DP-WARN] core=11 RX WAN saturated worker=0 q_depth=16384 (crypto queue full)
[DP-WARN] core=11 RX WAN saturated worker=0 q_depth=16384 (crypto queue full)
[DP-WARN] core=11 RX WAN saturated worker=0 q_depth=16384 (crypto queue full)
[DP-WARN] core=11 RX WAN saturated worker=4 q_depth=16384 (crypto queue full)
[DP-WARN] core=11 RX WAN saturated worker=4 q_depth=16384 (crypto queue full)
[DP-WARN] core=11 RX WAN saturated worker=3 q_depth=16384 (crypto queue full)
[DP-WARN] core=11 RX WAN saturated worker=3 q_depth=16384 (crypto queue full)
[DP-WARN] core=11 RX WAN saturated worker=3 q_depth=16384 (crypto queue full)
[DP-WARN] core=11 RX WAN saturated worker=3 q_depth=16384 (crypto queue full)
[DP-WARN] core=11 RX WAN saturated worker=4 q_depth=16384 (crypto queue full)
[DP-WARN] core=11 RX WAN saturated worker=4 q_depth=16384 (crypto queue full)
[DP-WARN] core=11 RX WAN saturated worker=4 q_depth=16384 (crypto queue full)
[DP-WARN] core=11 RX WAN saturated worker=2 q_depth=16384 (crypto queue full)
[DP-WARN] core=11 RX WAN saturated worker=2 q_depth=16384 (crypto queue full)
[DP-WARN] core=11 RX WAN saturated worker=5 q_depth=16384 (crypto queue full)
[DP-WARN] core=11 RX WAN saturated worker=5 q_depth=16384 (crypto queue full)
[DP-WARN] core=11 RX WAN saturated worker=5 q_depth=16384 (crypto queue full)
[DP-WARN] core=11 RX WAN saturated worker=5 q_depth=16384 (crypto queue full)
[DP-WARN] core=11 RX WAN saturated worker=5 q_depth=16384 (crypto queue full)
[DP-WARN] core=11 RX WAN saturated worker=5 q_depth=16384 (crypto queue full)
[DP-WARN] core=11 RX WAN saturated worker=5 q_depth=16384 (crypto queue full)
[DP-WARN] core=11 RX WAN saturated worker=3 q_depth=16384 (crypto queue full)
[DP-WARN] core=11 RX WAN saturated worker=1 q_depth=16384 (crypto queue full)
[DP-WARN] core=11 RX WAN saturated worker=0 q_depth=16384 (crypto queue full)
[DP-WARN] core=11 RX WAN saturated worker=0 q_depth=16384 (crypto queue full)
[DP-WARN] core=11 RX WAN saturated worker=0 q_depth=16384 (crypto queue full)
[DP-WARN] core=11 RX WAN saturated worker=1 q_depth=16384 (crypto queue full)
[DP-WARN] core=11 RX WAN saturated worker=1 q_depth=16384 (crypto queue full)
[DP-WARN] core=11 RX WAN saturated worker=4 q_depth=16384 (crypto queue full)
[DP-WARN] core=11 RX WAN saturated worker=0 q_depth=16384 (crypto queue full)
[DP-WARN] core=11 RX WAN saturated worker=0 q_depth=16384 (crypto queue full)
[DP-WARN] core=11 RX WAN saturated worker=0 q_depth=16384 (crypto queue full)
[DP-WARN] core=11 RX WAN saturated worker=0 q_depth=16384 (crypto queue full)
[DP-WARN] core=11 RX WAN saturated worker=5 q_depth=16384 (crypto queue full)
[DP-WARN] core=11 RX WAN saturated worker=5 q_depth=16384 (crypto queue full)
[DP-WARN] core=11 RX WAN saturated worker=5 q_depth=16384 (crypto queue full)
[DP-WARN] core=11 RX WAN saturated worker=2 q_depth=16384 (crypto queue full)
[DP-WARN] core=11 RX WAN saturated worker=2 q_depth=16384 (crypto queue full)
[DP-WARN] core=11 RX WAN saturated worker=4 q_depth=16384 (crypto queue full)
[DP-WARN] core=11 RX WAN saturated worker=1 q_depth=16384 (crypto queue full)
[DP-WARN] core=11 RX WAN saturated worker=3 q_depth=16384 (crypto queue full)
[DP-WARN] core=11 RX WAN saturated worker=2 q_depth=16384 (crypto queue full)
[DP-WARN] core=11 RX WAN saturated worker=5 q_depth=16384 (crypto queue full)
[DP-WARN] core=11 RX WAN saturated worker=5 q_depth=16384 (crypto queue full)
[DP-WARN] core=11 RX WAN saturated worker=5 q_depth=16384 (crypto queue full)
[DP-WARN] core=11 RX WAN saturated worker=4 q_depth=16384 (crypto queue full)
[DP-WARN] core=11 RX WAN saturated worker=4 q_depth=16384 (crypto queue full)
[DP-WARN] core=11 RX WAN saturated worker=1 q_depth=16384 (crypto queue full)
[DP-WARN] core=11 RX WAN saturated worker=1 q_depth=16384 (crypto queue full)
[DP-WARN] core=11 RX WAN saturated worker=3 q_depth=16384 (crypto queue full)
[DP-WARN] core=11 RX WAN saturated worker=3 q_depth=16384 (crypto queue full)
[DP-WARN] core=11 RX WAN saturated worker=4 q_depth=16384 (crypto queue full)
[DP-WARN] core=11 RX WAN saturated worker=0 q_depth=16384 (crypto queue full)
[DP-WARN] core=11 RX WAN saturated worker=0 q_depth=16384 (crypto queue full)
[DP-WARN] core=11 RX WAN saturated worker=0 q_depth=16384 (crypto queue full)
[DP-WARN] core=11 RX WAN saturated worker=0 q_depth=16384 (crypto queue full)
[DP-WARN] core=11 RX WAN saturated worker=2 q_depth=16384 (crypto queue full)
[DP-WARN] core=11 RX WAN saturated worker=4 q_depth=16384 (crypto queue full)
[DP-WARN] core=11 RX WAN saturated worker=1 q_depth=16384 (crypto queue full)
[DP-WARN] core=11 RX WAN saturated worker=4 q_depth=16384 (crypto queue full)
[DP-WARN] core=11 RX WAN saturated worker=4 q_depth=16384 (crypto queue full)
[DP-WARN] core=11 RX WAN saturated worker=0 q_depth=16384 (crypto queue full)
[DP-WARN] core=11 RX WAN saturated worker=0 q_depth=16384 (crypto queue full)
[DP-WARN] core=11 RX WAN saturated worker=0 q_depth=16384 (crypto queue full)
[DP-WARN] core=11 RX WAN saturated worker=5 q_depth=16384 (crypto queue full)
[DP-WARN] core=11 RX WAN saturated worker=5 q_depth=16384 (crypto queue full)
[DP-WARN] core=11 RX WAN saturated worker=2 q_depth=16384 (crypto queue full)
[DP-WARN] core=11 RX WAN saturated worker=4 q_depth=16384 (crypto queue full)
[DP-WARN] core=11 RX WAN saturated worker=4 q_depth=16384 (crypto queue full)
[DP-WARN] core=11 RX WAN saturated worker=3 q_depth=16384 (crypto queue full)
[DP-WARN] core=11 RX WAN saturated worker=3 q_depth=16384 (crypto queue full)
[DP-WARN] core=11 RX WAN saturated worker=3 q_depth=16384 (crypto queue full)
[DP-WARN] core=11 RX WAN saturated worker=3 q_depth=16384 (crypto queue full)
[DP-WARN] core=11 RX WAN saturated worker=1 q_depth=16384 (crypto queue full)
[DP-WARN] core=11 RX WAN saturated worker=1 q_depth=16384 (crypto queue full)
[DP-WARN] core=11 RX WAN saturated worker=1 q_depth=16384 (crypto queue full)
[DP-WARN] core=11 RX WAN saturated worker=1 q_depth=16384 (crypto queue full)
[DP-WARN] core=11 RX WAN saturated worker=1 q_depth=16384 (crypto queue full)
[DP-WARN] core=11 RX WAN saturated worker=1 q_depth=16384 (crypto queue full)
[DP-WARN] core=11 RX WAN saturated worker=0 q_depth=16384 (crypto queue full)
[DP-WARN] core=11 RX WAN saturated worker=0 q_depth=16384 (crypto queue full)
[DP-WARN] core=11 RX WAN saturated worker=0 q_depth=16384 (crypto queue full)
[DP-WARN] core=11 RX WAN saturated worker=4 q_depth=16384 (crypto queue full)
[DP-WARN] core=11 RX WAN saturated worker=4 q_depth=16384 (crypto queue full)
[DP-WARN] core=11 RX WAN saturated worker=5 q_depth=16384 (crypto queue full)
[DP-WARN] core=11 RX WAN saturated worker=5 q_depth=16384 (crypto queue full)
[DP-WARN] core=11 RX WAN saturated worker=5 q_depth=16384 (crypto queue full)
[DP-WARN] core=11 RX WAN saturated worker=4 q_depth=16384 (crypto queue full)
[DP-WARN] core=11 RX WAN saturated worker=0 q_depth=16384 (crypto queue full)
[DP-WARN] core=11 RX WAN saturated worker=3 q_depth=16384 (crypto queue full)
[DP-WARN] core=11 RX WAN saturated worker=3 q_depth=16384 (crypto queue full)
[DP-WARN] core=11 RX WAN saturated worker=3 q_depth=16384 (crypto queue full)
[DP-WARN] core=11 RX WAN saturated worker=5 q_depth=16384 (crypto queue full)
[DP-WARN] core=11 RX WAN saturated worker=5 q_depth=16384 (crypto queue full)
[DP-WARN] core=11 RX WAN saturated worker=5 q_depth=16384 (crypto queue full)
[DP-WARN] core=11 RX WAN saturated worker=1 q_depth=16384 (crypto queue full)
[DP-WARN] core=11 RX WAN saturated worker=1 q_depth=16384 (crypto queue full)
[DP-WARN] core=11 RX WAN saturated worker=1 q_depth=16384 (crypto queue full)
[DP-WARN] core=11 RX WAN saturated worker=1 q_depth=16384 (crypto queue full)
[DP-WARN] core=11 RX WAN saturated worker=2 q_depth=16384 (crypto queue full)
[DP-WARN] core=11 RX WAN saturated worker=0 q_depth=16384 (crypto queue full)
[DP-WARN] core=11 RX WAN saturated worker=1 q_depth=16384 (crypto queue full)
[DP-WARN] core=11 RX WAN saturated worker=1 q_depth=16384 (crypto queue full)
[DP-WARN] core=11 RX WAN saturated worker=3 q_depth=16384 (crypto queue full)
[DP-WARN] core=11 RX WAN saturated worker=3 q_depth=16384 (crypto queue full)
[DP-WARN] core=11 RX WAN saturated worker=3 q_depth=16384 (crypto queue full)
[DP-WARN] core=11 RX WAN saturated worker=3 q_depth=16384 (crypto queue full)
[DP-WARN] core=11 RX WAN saturated worker=0 q_depth=16384 (crypto queue full)
[DP-WARN] core=11 RX WAN saturated worker=4 q_depth=16384 (crypto queue full)
[DP-WARN] core=11 RX WAN saturated worker=4 q_depth=16384 (crypto queue full)
[DP-WARN] core=11 RX WAN saturated worker=4 q_depth=16384 (crypto queue full)
[DP-WARN] core=11 RX WAN saturated worker=0 q_depth=16384 (crypto queue full)
[DP-WARN] core=11 RX WAN saturated worker=0 q_depth=16384 (crypto queue full)
[DP-WARN] core=11 RX WAN saturated worker=1 q_depth=16384 (crypto queue full)
[DP-WARN] core=11 RX WAN saturated worker=1 q_depth=16384 (crypto queue full)
[DP-WARN] core=11 RX WAN saturated worker=1 q_depth=16384 (crypto queue full)
[DP-WARN] core=11 RX WAN saturated worker=1 q_depth=16384 (crypto queue full)
[DP-WARN] core=11 RX WAN saturated worker=5 q_depth=16384 (crypto queue full)
[DP-WARN] core=11 RX WAN saturated worker=5 q_depth=16384 (crypto queue full)
[DP-WARN] core=11 RX WAN saturated worker=5 q_depth=16384 (crypto queue full)
[DP-WARN] core=11 RX WAN saturated worker=5 q_depth=16384 (crypto queue full)
[DP-WARN] core=11 RX WAN saturated worker=5 q_depth=16384 (crypto queue full)
[DP-WARN] core=11 RX WAN saturated worker=0 q_depth=16384 (crypto queue full)
[DP-WARN] core=11 RX WAN saturated worker=0 q_depth=16384 (crypto queue full)
[DP-WARN] core=11 RX WAN saturated worker=2 q_depth=16384 (crypto queue full)
[DP-WARN] core=11 RX WAN saturated worker=2 q_depth=16384 (crypto queue full)
[DP-WARN] core=11 RX WAN saturated worker=1 q_depth=16384 (crypto queue full)
[DP-WARN] core=11 RX WAN saturated worker=1 q_depth=16384 (crypto queue full)
[DP-WARN] core=11 RX WAN saturated worker=3 q_depth=16384 (crypto queue full)
[DP-WARN] core=11 RX WAN saturated worker=4 q_depth=16384 (crypto queue full)
[DP-WARN] core=11 RX WAN saturated worker=5 q_depth=16384 (crypto queue full)
[DP-WARN] core=11 RX WAN saturated worker=3 q_depth=16384 (crypto queue full)
[DP-WARN] core=11 RX WAN saturated worker=3 q_depth=16384 (crypto queue full)
[DP-WARN] core=11 RX WAN saturated worker=4 q_depth=16384 (crypto queue full)
[DP-WARN] core=11 RX WAN saturated worker=2 q_depth=16384 (crypto queue full)
[DP-WARN] core=11 RX WAN saturated worker=2 q_depth=16384 (crypto queue full)
[DP-WARN] core=11 RX WAN saturated worker=1 q_depth=16384 (crypto queue full)
[DP-WARN] core=11 RX WAN saturated worker=1 q_depth=16384 (crypto queue full)
[DP-WARN] core=11 RX WAN saturated worker=1 q_depth=16384 (crypto queue full)
[DP-WARN] core=11 RX WAN saturated worker=1 q_depth=16384 (crypto queue full)
[DP-WARN] core=11 RX WAN saturated worker=2 q_depth=16384 (crypto queue full)
[DP-WARN] core=11 RX WAN saturated worker=0 q_depth=16384 (crypto queue full)
[DP-WARN] core=11 RX WAN saturated worker=0 q_depth=16384 (crypto queue full)
[DP-WARN] core=11 RX WAN saturated worker=1 q_depth=16384 (crypto queue full)
[DP-WARN] core=11 RX WAN saturated worker=1 q_depth=16384 (crypto queue full)
[DP-WARN] core=11 RX WAN saturated worker=5 q_depth=16384 (crypto queue full)
[DP-WARN] core=11 RX WAN saturated worker=5 q_depth=16384 (crypto queue full)
[DP-WARN] core=11 RX WAN saturated worker=5 q_depth=16384 (crypto queue full)
[DP-WARN] core=11 RX WAN saturated worker=5 q_depth=16384 (crypto queue full)
[DP-WARN] core=11 RX WAN saturated worker=5 q_depth=16384 (crypto queue full)
[DP-WARN] core=11 RX WAN saturated worker=5 q_depth=16384 (crypto queue full)
[DP-WARN] core=11 RX WAN saturated worker=5 q_depth=16384 (crypto queue full)
[DP-WARN] core=11 RX WAN saturated worker=4 q_depth=16384 (crypto queue full)
[DP-WARN] core=11 RX WAN saturated worker=4 q_depth=16384 (crypto queue full)
[DP-WARN] core=11 RX WAN saturated worker=0 q_depth=16384 (crypto queue full)
[DP-WARN] core=11 RX WAN saturated worker=0 q_depth=16384 (crypto queue full)
[DP-WARN] core=11 RX WAN saturated worker=1 q_depth=16384 (crypto queue full)
[DP-WARN] core=11 RX WAN saturated worker=1 q_depth=16384 (crypto queue full)
[DP-WARN] core=11 RX WAN saturated worker=1 q_depth=16384 (crypto queue full)
[DP-WARN] core=11 RX WAN saturated worker=2 q_depth=16384 (crypto queue full)
[DP-WARN] core=11 RX WAN saturated worker=2 q_depth=16384 (crypto queue full)
[DP-WARN] core=11 RX WAN saturated worker=5 q_depth=16384 (crypto queue full)
[DP-WARN] core=11 RX WAN saturated worker=5 q_depth=16384 (crypto queue full)
[DP-WARN] core=11 RX WAN saturated worker=5 q_depth=16384 (crypto queue full)
[DP-WARN] core=11 RX WAN saturated worker=2 q_depth=16384 (crypto queue full)
[DP-WARN] core=11 RX WAN saturated worker=2 q_depth=16384 (crypto queue full)
[DP-WARN] core=11 RX WAN saturated worker=1 q_depth=16384 (crypto queue full)
[DP-WARN] core=11 RX WAN saturated worker=1 q_depth=16384 (crypto queue full)
[DP-WARN] core=11 RX WAN saturated worker=3 q_depth=16384 (crypto queue full)
[DP-WARN] core=11 RX WAN saturated worker=3 q_depth=16384 (crypto queue full)
[DP-WARN] core=11 RX WAN saturated worker=3 q_depth=16384 (crypto queue full)
[DP-WARN] core=11 RX WAN saturated worker=3 q_depth=16384 (crypto queue full)
[DP-WARN] core=11 RX WAN saturated worker=0 q_depth=16384 (crypto queue full)
[DP-WARN] core=11 RX WAN saturated worker=5 q_depth=16384 (crypto queue full)
[DP-WARN] core=11 RX WAN saturated worker=1 q_depth=16384 (crypto queue full)
[DP-WARN] core=11 RX WAN saturated worker=1 q_depth=16384 (crypto queue full)
[DP-WARN] core=11 RX WAN saturated worker=1 q_depth=16384 (crypto queue full)
[DP-WARN] core=11 RX WAN saturated worker=0 q_depth=16384 (crypto queue full)
[DP-WARN] core=11 RX WAN saturated worker=3 q_depth=16384 (crypto queue full)
[DP-WARN] core=11 RX WAN saturated worker=3 q_depth=16384 (crypto queue full)
[DP-WARN] core=11 RX WAN saturated worker=4 q_depth=16384 (crypto queue full)
[DP-WARN] core=11 RX WAN saturated worker=4 q_depth=16384 (crypto queue full)
[DP-WARN] core=11 RX WAN saturated worker=2 q_depth=16384 (crypto queue full)
[DP-WARN] core=11 RX WAN saturated worker=2 q_depth=16384 (crypto queue full)
[DP-WARN] core=11 RX WAN saturated worker=0 q_depth=16384 (crypto queue full)
[DP-WARN] core=11 RX WAN saturated worker=0 q_depth=16384 (crypto queue full)
[DP-WARN] core=11 RX WAN saturated worker=1 q_depth=16384 (crypto queue full)
[DP-WARN] core=11 RX WAN saturated worker=5 q_depth=16384 (crypto queue full)
[DP-WARN] core=11 RX WAN saturated worker=5 q_depth=16384 (crypto queue full)
[DP-WARN] core=11 RX WAN saturated worker=5 q_depth=16384 (crypto queue full)
[DP-WARN] core=11 RX WAN saturated worker=3 q_depth=16384 (crypto queue full)
[DP-WARN] core=11 RX WAN saturated worker=3 q_depth=16384 (crypto queue full)
[DP-WARN] core=11 RX WAN saturated worker=3 q_depth=16384 (crypto queue full)
[DP-WARN] core=11 RX WAN saturated worker=1 q_depth=16384 (crypto queue full)
[DP-WARN] core=11 RX WAN saturated worker=1 q_depth=16384 (crypto queue full)
[DP-WARN] core=11 RX WAN saturated worker=1 q_depth=16384 (crypto queue full)
[DP-WARN] core=11 RX WAN saturated worker=2 q_depth=16384 (crypto queue full)
[DP-WARN] core=11 RX WAN saturated worker=5 q_depth=16384 (crypto queue full)
[DP-WARN] core=11 RX WAN saturated worker=5 q_depth=16384 (crypto queue full)
[DP-WARN] core=11 RX WAN saturated worker=2 q_depth=16384 (crypto queue full)
[DP-WARN] core=11 RX WAN saturated worker=2 q_depth=16384 (crypto queue full)
[DP-WARN] core=11 RX WAN saturated worker=4 q_depth=16384 (crypto queue full)
[DP-WARN] core=11 RX WAN saturated worker=0 q_depth=16384 (crypto queue full)
[DP-WARN] core=11 RX WAN saturated worker=1 q_depth=16384 (crypto queue full)
[DP-WARN] core=11 RX WAN saturated worker=1 q_depth=16384 (crypto queue full)
[DP-WARN] core=11 RX WAN saturated worker=1 q_depth=16384 (crypto queue full)
[DP-WARN] core=11 RX WAN saturated worker=3 q_depth=16384 (crypto queue full)
[DP-WARN] core=11 RX WAN saturated worker=3 q_depth=16384 (crypto queue full)
[DP-WARN] core=11 RX WAN saturated worker=3 q_depth=16384 (crypto queue full)
[DP-WARN] core=11 RX WAN saturated worker=3 q_depth=16384 (crypto queue full)
[DP-WARN] core=11 RX WAN saturated worker=3 q_depth=16384 (crypto queue full)
[DP-WARN] core=11 RX WAN saturated worker=2 q_depth=16384 (crypto queue full)
[DP-WARN] core=11 RX WAN saturated worker=2 q_depth=16384 (crypto queue full)
[DP-WARN] core=11 RX WAN saturated worker=2 q_depth=16384 (crypto queue full)
[DP-WARN] core=11 RX WAN saturated worker=4 q_depth=16384 (crypto queue full)
[DP-WARN] core=11 RX WAN saturated worker=4 q_depth=16384 (crypto queue full)
[DP-WARN] core=11 RX WAN saturated worker=4 q_depth=16384 (crypto queue full)
[DP-WARN] core=11 RX WAN saturated worker=0 q_depth=16384 (crypto queue full)
[DP-WARN] core=11 RX WAN saturated worker=0 q_depth=16384 (crypto queue full)
[DP-WARN] core=11 RX WAN saturated worker=0 q_depth=16384 (crypto queue full)
[DP-WARN] core=11 RX WAN saturated worker=1 q_depth=16384 (crypto queue full)
[DP-WARN] core=11 RX WAN saturated worker=1 q_depth=16384 (crypto queue full)
[DP-WARN] core=11 RX WAN saturated worker=5 q_depth=16384 (crypto queue full)
[DP-WARN] core=11 RX WAN saturated worker=5 q_depth=16384 (crypto queue full)
[DP-WARN] core=11 RX WAN saturated worker=5 q_depth=16384 (crypto queue full)
[DP-WARN] core=11 RX WAN saturated worker=3 q_depth=16384 (crypto queue full)
[DP-WARN] core=11 RX WAN saturated worker=3 q_depth=16384 (crypto queue full)
[DP-WARN] core=11 RX WAN saturated worker=3 q_depth=16384 (crypto queue full)