Lệnh test
    iperf3 -c 192.168.60.3 -B 192.168.60.2 -t 10000 -P 100 -p 7010
    iperf3 -c 192.168.50.3 -B 192.168.50.2 -t 10000 -P 100 -p 7008

Băng thông khi chạy 5 phút
  enp5s0                       │ 943.61Mb       0      │  16.53Mb   28.84K
  enp6s0                       │   1.58Gb       0      │  26.96Mb   46.23K
 >enp7s0                       │  31.08Mb       0      │   1.27Gb  262.58K
  enp8s0                       │  30.65Mb       0      │ 1.36Gb  152.22K
Local : enp5s0 out 943.61Mb, enp6s0 out 1.58Gb
Wan : enp7s0:  1.27Gb , enp8s0: 1.36Gb
Băng thông sau 5 phút
  enp5s0                       │   1.32Gb       0      │  21.08Mb   38.11K
  enp6s0                       │   1.41Gb       0      │  21.85Mb   39.59K
 >enp7s0                       │  34.42Mb       0      │   1.43Gb  223.03K
  enp8s0                       │  27.39Mb       0      │   1.46Gb  227.42K
Local : enp5s0 out 1.32Gb, enp6s0 out 1.41Gb
Wan : enp7s0:  1.43Gb , enp8s0: 1.46Gb

Log
[DP-WARN] core=10 TX WAN slot=1 saturated pending=68 (TX ring full)
[DP-WARN] core=10 TX WAN slot=1 saturated pending=50 (TX ring full)
[DP-WARN] core=10 TX WAN slot=1 saturated pending=125 (TX ring full)
[DP-WARN] core=10 TX WAN slot=1 saturated pending=56 (TX ring full)
[DP-WARN] core=10 TX WAN slot=1 saturated pending=32 (TX ring full)
[DP-WARN] core=10 TX WAN slot=1 saturated pending=2 (TX ring full)
[DP-WARN] core=10 TX WAN slot=1 saturated pending=40 (TX ring full)
[DP-WARN] core=10 TX WAN slot=1 saturated pending=38 (TX ring full)
[DP-WARN] core=10 TX WAN slot=1 saturated pending=10 (TX ring full)
[DP-WARN] core=10 TX WAN slot=1 saturated pending=44 (TX ring full)
[DP-WARN] core=10 TX WAN slot=1 saturated pending=2 (TX ring full)
[DP-WARN] core=10 TX WAN slot=1 saturated pending=24 (TX ring full)
[DP-WARN] core=10 TX WAN slot=1 saturated pending=70 (TX ring full)
[DP-WARN] core=10 TX WAN slot=1 saturated pending=14 (TX ring full)
[DP-WARN] core=10 TX WAN slot=1 saturated pending=47 (TX ring full)
[DP-WARN] core=10 TX WAN slot=1 saturated pending=68 (TX ring full)
[DP-WARN] core=10 TX WAN slot=1 saturated pending=48 (TX ring full)
[DP-WARN] core=10 TX WAN slot=1 saturated pending=64 (TX ring full)
[DP-WARN] core=10 TX WAN slot=1 saturated pending=104 (TX ring full)
[DP-WARN] core=10 TX WAN slot=1 saturated pending=42 (TX ring full)
[DP-WARN] core=10 TX WAN slot=1 saturated pending=10 (TX ring full)
[DP-WARN] core=10 TX WAN slot=1 saturated pending=20 (TX ring full)
[DP-WARN] core=10 TX WAN slot=1 saturated pending=86 (TX ring full)
[DP-WARN] core=10 TX WAN slot=1 saturated pending=90 (TX ring full)
[DP-WARN] core=10 TX WAN slot=1 saturated pending=50 (TX ring full)
[DP-WARN] core=10 TX WAN slot=1 saturated pending=14 (TX ring full)
[DP-WARN] core=10 TX WAN slot=1 saturated pending=6 (TX ring full)
[DP-WARN] core=10 TX WAN slot=1 saturated pending=154 (TX ring full)
[DP-WARN] core=10 TX WAN slot=1 saturated pending=28 (TX ring full)
[DP-WARN] core=10 TX WAN slot=1 saturated pending=16 (TX ring full)
[DP-WARN] core=10 TX WAN slot=1 saturated pending=2 (TX ring full)
[DP-WARN] core=10 TX WAN slot=1 saturated pending=28 (TX ring full)
[DP-WARN] core=10 TX WAN slot=1 saturated pending=32 (TX ring full)
[DP-WARN] core=10 TX WAN slot=1 saturated pending=58 (TX ring full)
[DP-WARN] core=10 TX WAN slot=1 saturated pending=138 (TX ring full)
[DP-WARN] core=10 TX WAN slot=1 saturated pending=36 (TX ring full)
[DP-WARN] core=10 TX WAN slot=1 saturated pending=48 (TX ring full)
[DP-WARN] core=10 TX WAN slot=1 saturated pending=58 (TX ring full)
[DP-WARN] core=10 TX WAN slot=1 saturated pending=34 (TX ring full)
[DP-WARN] core=9 TX WAN slot=0 saturated pending=14 (TX ring full)
[DP-WARN] core=10 TX WAN slot=1 saturated pending=12 (TX ring full)
[DP-WARN] core=10 TX WAN slot=1 saturated pending=52 (TX ring full)
[DP-WARN] core=10 TX WAN slot=1 saturated pending=36 (TX ring full)
[DP-WARN] core=10 TX WAN slot=1 saturated pending=16 (TX ring full)
[DP-WARN] core=10 TX WAN slot=1 saturated pending=164 (TX ring full)
[DP-WARN] core=10 TX WAN slot=1 saturated pending=58 (TX ring full)
[DP-WARN] core=10 TX WAN slot=1 saturated pending=76 (TX ring full)
[DP-WARN] core=10 TX WAN slot=1 saturated pending=36 (TX ring full)
[DP-WARN] core=10 TX WAN slot=1 saturated pending=8 (TX ring full)
[DP-WARN] core=10 TX WAN slot=1 saturated pending=66 (TX ring full)
[DP-WARN] core=10 TX WAN slot=1 saturated pending=66 (TX ring full)
[DP-WARN] core=10 TX WAN slot=1 saturated pending=8 (TX ring full)
[DP-WARN] core=10 TX WAN slot=1 saturated pending=36 (TX ring full)
[DP-WARN] core=10 TX WAN slot=1 saturated pending=10 (TX ring full)
[DP-WARN] core=10 TX WAN slot=1 saturated pending=18 (TX ring full)
[DP-WARN] core=10 TX WAN slot=1 saturated pending=84 (TX ring full)
[DP-WARN] core=10 TX WAN slot=1 saturated pending=24 (TX ring full)
[DP-WARN] core=10 TX WAN slot=1 saturated pending=24 (TX ring full)
[DP-WARN] core=10 TX WAN slot=1 saturated pending=18 (TX ring full)
[DP-WARN] core=10 TX WAN slot=1 saturated pending=4 (TX ring full)
[DP-WARN] core=10 TX WAN slot=1 saturated pending=12 (TX ring full)
[DP-WARN] core=10 TX WAN slot=1 saturated pending=76 (TX ring full)
[DP-WARN] core=10 TX WAN slot=1 saturated pending=88 (TX ring full)
[DP-WARN] core=10 TX WAN slot=1 saturated pending=192 (TX ring full)
[DP-WARN] core=10 TX WAN slot=1 saturated pending=6 (TX ring full)
[DP-WARN] core=10 TX WAN slot=1 saturated pending=2 (TX ring full)
[DP-WARN] core=10 TX WAN slot=1 saturated pending=48 (TX ring full)
[DP-WARN] core=10 TX WAN slot=1 saturated pending=30 (TX ring full)
[DP-WARN] core=10 TX WAN slot=1 saturated pending=36 (TX ring full)
[DP-WARN] core=10 TX WAN slot=1 saturated pending=162 (TX ring full)
[DP-WARN] core=10 TX WAN slot=1 saturated pending=56 (TX ring full)
[DP-WARN] core=10 TX WAN slot=1 saturated pending=6 (TX ring full)
[DP-WARN] core=10 TX WAN slot=1 saturated pending=14 (TX ring full)
[DP-WARN] core=10 TX WAN slot=1 saturated pending=140 (TX ring full)
[DP-WARN] core=10 TX WAN slot=1 saturated pending=14 (TX ring full)
[DP-WARN] core=10 TX WAN slot=1 saturated pending=104 (TX ring full)
[DP-WARN] core=10 TX WAN slot=1 saturated pending=38 (TX ring full)
[DP-WARN] core=10 TX WAN slot=1 saturated pending=44 (TX ring full)
[DP-WARN] core=10 TX WAN slot=1 saturated pending=12 (TX ring full)
[DP-WARN] core=10 TX WAN slot=1 saturated pending=16 (TX ring full)
[DP-WARN] core=10 TX WAN slot=1 saturated pending=64 (TX ring full)
[DP-WARN] core=10 TX WAN slot=1 saturated pending=60 (TX ring full)
[DP-WARN] core=10 TX WAN slot=1 saturated pending=18 (TX ring full)
[DP-WARN] core=10 TX WAN slot=1 saturated pending=44 (TX ring full)
[DP-WARN] core=10 TX WAN slot=1 saturated pending=26 (TX ring full)
[DP-WARN] core=10 TX WAN slot=1 saturated pending=32 (TX ring full)
[DP-WARN] core=10 TX WAN slot=1 saturated pending=6 (TX ring full)
[DP-WARN] core=10 TX WAN slot=1 saturated pending=64 (TX ring full)
[DP-WARN] core=10 TX WAN slot=1 saturated pending=6 (TX ring full)
[DP-WARN] core=10 TX WAN slot=1 saturated pending=80 (TX ring full)
[DP-WARN] core=10 TX WAN slot=1 saturated pending=36 (TX ring full)
[DP-WARN] core=10 TX WAN slot=1 saturated pending=130 (TX ring full)
[DP-WARN] core=10 TX WAN slot=1 saturated pending=98 (TX ring full)
[DP-WARN] core=10 TX WAN slot=1 saturated pending=78 (TX ring full)
[DP-WARN] core=10 TX WAN slot=1 saturated pending=116 (TX ring full)
[DP-WARN] core=10 TX WAN slot=1 saturated pending=18 (TX ring full)
[DP-WARN] core=10 TX WAN slot=1 saturated pending=32 (TX ring full)
[DP-WARN] core=10 TX WAN slot=1 saturated pending=18 (TX ring full)
[DP-WARN] core=10 TX WAN slot=1 saturated pending=4 (TX ring full)
[DP-WARN] core=10 TX WAN slot=1 saturated pending=48 (TX ring full)
[DP-WARN] core=10 TX WAN slot=1 saturated pending=2 (TX ring full)
[DP-WARN] core=10 TX WAN slot=1 saturated pending=68 (TX ring full)
[DP-WARN] core=10 TX WAN slot=1 saturated pending=44 (TX ring full)
[DP-WARN] core=10 TX WAN slot=1 saturated pending=54 (TX ring full)
[DP-WARN] core=10 TX WAN slot=1 saturated pending=4 (TX ring full)
[DP-WARN] core=9 TX WAN slot=0 saturated pending=10 (TX ring full)
